******************************************************************************
                  MSP430 Linker PC v18.1.2                     
******************************************************************************
>> Linked Fri Feb 15 14:25:00 2019

OUTPUT FILE NAME:   <SRF05.out>
ENTRY POINT SYMBOL: "_c_int00_noargs"  address: 0000c86c


MEMORY CONFIGURATION

         name            origin    length      used     unused   attr    fill
----------------------  --------  ---------  --------  --------  ----  --------
  SFR                   00000000   00000010  00000000  00000010  RWIX
  PERIPHERALS_8BIT      00000010   000000f0  00000000  000000f0  RWIX
  PERIPHERALS_16BIT     00000100   00000100  00000000  00000100  RWIX
  RAM                   00000200   00000200  0000005e  000001a2  RWIX
  INFOD                 00001000   00000040  00000000  00000040  RWIX
  INFOC                 00001040   00000040  00000000  00000040  RWIX
  INFOB                 00001080   00000040  00000000  00000040  RWIX
  INFOA                 000010c0   00000040  00000000  00000040  RWIX
  FLASH                 0000c000   00003fde  0000091e  000036c0  RWIX
  BSLSIGNATURE          0000ffde   00000002  00000002  00000000  RWIX  ffff 
  INT00                 0000ffe0   00000002  00000002  00000000  RWIX
  INT01                 0000ffe2   00000002  00000000  00000002  RWIX
  INT02                 0000ffe4   00000002  00000002  00000000  RWIX
  INT03                 0000ffe6   00000002  00000002  00000000  RWIX
  INT04                 0000ffe8   00000002  00000000  00000002  RWIX
  INT05                 0000ffea   00000002  00000002  00000000  RWIX
  INT06                 0000ffec   00000002  00000002  00000000  RWIX
  INT07                 0000ffee   00000002  00000002  00000000  RWIX
  INT08                 0000fff0   00000002  00000002  00000000  RWIX
  INT09                 0000fff2   00000002  00000002  00000000  RWIX
  INT10                 0000fff4   00000002  00000002  00000000  RWIX
  INT11                 0000fff6   00000002  00000002  00000000  RWIX
  INT12                 0000fff8   00000002  00000002  00000000  RWIX
  INT13                 0000fffa   00000002  00000002  00000000  RWIX
  INT14                 0000fffc   00000002  00000002  00000000  RWIX
  RESET                 0000fffe   00000002  00000002  00000000  RWIX


SECTION ALLOCATION MAP

 output                                  attributes/
section   page    origin      length       input sections
--------  ----  ----------  ----------   ----------------
.bss       0    00000200    0000000e     UNINITIALIZED
                  00000200    00000004     (.common:Distance)
                  00000204    00000004     (.common:Range)
                  00000208    00000004     (.common:Time_Echo)
                  0000020c    00000001     (.common:Data_Ready)
                  0000020d    00000001     (.common:Falling_Rising_Edge)

.stack     0    000003b0    00000050     UNINITIALIZED
                  000003b0    00000002     rts430_eabi.lib : boot.c.obj (.stack)
                  000003b2    0000004e     --HOLE--

.text      0    0000c000    00000908     
                  0000c000    00000140     LCD.obj (.text:LCD_Put_Float)
                  0000c140    00000132     rts430_eabi.lib : fs_add.asm.obj (.text)
                  0000c272    000000c4                     : fs_mpy.asm.obj (.text)
                  0000c336    000000a4     LCD.obj (.text:LCD_Init)
                  0000c3da    0000009c     rts430_eabi.lib : fs_div.asm.obj (.text)
                  0000c476    00000072     main.obj (.text:main)
                  0000c4e8    00000058     rts430_eabi.lib : div32u.asm.obj (.text)
                  0000c540    0000004c                     : fs_toul.asm.obj (.text)
                  0000c58c    0000004a                     : fs_cmp.asm.obj (.text)
                  0000c5d6    00000046     SRF05.obj (.text:SRF05_Get_Range)
                  0000c61c    00000042     rts430_eabi.lib : autoinit.c.obj (.text:__TI_auto_init_nobinit_nopinit:__TI_auto_init_nobinit_nopinit)
                  0000c65e    00000040     LCD.obj (.text:LCD_Write_Command)
                  0000c69e    00000034     LCD.obj (.text:LCD_Cursor_Shift)
                  0000c6d2    00000032     rts430_eabi.lib : fs_ultof.asm.obj (.text)
                  0000c704    00000030     LCD.obj (.text:LCD_Read_Nibble)
                  0000c734    0000002c     SRF05.obj (.text:SRF05_Init)
                  0000c760    0000002c     rts430_eabi.lib : asr16.asm.obj (.text)
                  0000c78c    0000002c                     : lsl16.asm.obj (.text)
                  0000c7b8    0000002a     SRF05.obj (.text:SRF05_Process)
                  0000c7e2    00000024     LCD.obj (.text:LCD_Wait)
                  0000c806    00000024     rts430_eabi.lib : fs_utof.asm.obj (.text)
                  0000c82a    00000022     SRF05.obj (.text:SRF05_Echo_Int)
                  0000c84c    00000020     LCD.obj (.text:LCD_Goto)
                  0000c86c    0000001c     rts430_eabi.lib : boot.c.obj (.text:_c_int00_noargs)
                  0000c888    00000014     LCD.obj (.text:LCD_Put_String)
                  0000c89c    00000014     rts430_eabi.lib : copy_zero_init.c.obj (.text:decompress:ZI:__TI_zero_init_nomemset:__TI_zero_init_nomemset)
                  0000c8b0    00000010     LCD.obj (.text:LCD_Clear)
                  0000c8c0    00000010     LCD.obj (.text:LCD_Home)
                  0000c8d0    00000010     rts430_eabi.lib : epilog.asm.obj (.text)
                  0000c8e0    0000000a     LCD.obj (.text:LCD_Put_Char)
                  0000c8ea    0000000a     rts430_eabi.lib : fs_neg.asm.obj (.text)
                  0000c8f4    00000008                     : isr_trap.asm.obj (.text:_isr:__TI_ISR_TRAP)
                  0000c8fc    00000006                     : exit.c.obj (.text:abort)
                  0000c902    00000004                     : pre_init.c.obj (.text:_system_pre_init)
                  0000c906    00000002                     : startup.c.obj (.text:_system_post_cinit)

.const     0    0000c908    0000000c     
                  0000c908    0000000c     main.obj (.const:.string)

.cinit     0    0000c914    0000000a     
                  0000c914    00000004     (.cinit..bss.load) [load image, compression = zero_init]
                  0000c918    00000002     (__TI_handler_table)
                  0000c91a    00000004     (__TI_cinit_table)

.binit     0    0000c000    00000000     

.init_array 
*          0    0000c000    00000000     UNINITIALIZED

TRAPINT    0    0000ffe0    00000002     
                  0000ffe0    00000002     rts430_eabi.lib : int00.asm.obj (.int00)

PORT1      0    0000ffe4    00000002     
                  0000ffe4    00000002     rts430_eabi.lib : int02.asm.obj (.int02)

PORT2      0    0000ffe6    00000002     
                  0000ffe6    00000002     rts430_eabi.lib : int03.asm.obj (.int03)

ADC10      0    0000ffea    00000002     
                  0000ffea    00000002     rts430_eabi.lib : int05.asm.obj (.int05)

USCIAB0TX 
*          0    0000ffec    00000002     
                  0000ffec    00000002     rts430_eabi.lib : int06.asm.obj (.int06)

USCIAB0RX 
*          0    0000ffee    00000002     
                  0000ffee    00000002     rts430_eabi.lib : int07.asm.obj (.int07)

TIMER0_A1 
*          0    0000fff0    00000002     
                  0000fff0    00000002     SRF05.obj (.int08)

TIMER0_A0 
*          0    0000fff2    00000002     
                  0000fff2    00000002     rts430_eabi.lib : int09.asm.obj (.int09)

WDT        0    0000fff4    00000002     
                  0000fff4    00000002     rts430_eabi.lib : int10.asm.obj (.int10)

COMPARATORA 
*          0    0000fff6    00000002     
                  0000fff6    00000002     rts430_eabi.lib : int11.asm.obj (.int11)

TIMER1_A1 
*          0    0000fff8    00000002     
                  0000fff8    00000002     rts430_eabi.lib : int12.asm.obj (.int12)

TIMER1_A0 
*          0    0000fffa    00000002     
                  0000fffa    00000002     rts430_eabi.lib : int13.asm.obj (.int13)

NMI        0    0000fffc    00000002     
                  0000fffc    00000002     rts430_eabi.lib : int14.asm.obj (.int14)

.reset     0    0000fffe    00000002     
                  0000fffe    00000002     rts430_eabi.lib : boot.c.obj (.reset)

$fill000   0    0000ffde    00000002     
                  0000ffde    00000002     --HOLE-- [fill = ffff]

MODULE SUMMARY

       Module                 code   ro data   rw data
       ------                 ----   -------   -------
    .\
       main.obj               114    12        14     
    +--+----------------------+------+---------+---------+
       Total:                 114    12        14     
                                                      
    .\LCD\
       LCD.obj                778    0         0      
    +--+----------------------+------+---------+---------+
       Total:                 778    0         0      
                                                      
    .\SRF05\
       SRF05.obj              190    2         0      
    +--+----------------------+------+---------+---------+
       Total:                 190    2         0      
                                                      
    E:\ti\ccsv8\tools\compiler\ti-cgt-msp430_18.1.2.LTS\lib\rts430_eabi.lib
       fs_add.asm.obj         306    0         0      
       fs_mpy.asm.obj         196    0         0      
       fs_div.asm.obj         156    0         0      
       div32u.asm.obj         88     0         0      
       fs_toul.asm.obj        76     0         0      
       fs_cmp.asm.obj         74     0         0      
       autoinit.c.obj         66     0         0      
       fs_ultof.asm.obj       50     0         0      
       asr16.asm.obj          44     0         0      
       lsl16.asm.obj          44     0         0      
       fs_utof.asm.obj        36     0         0      
       boot.c.obj             28     2         0      
       copy_zero_init.c.obj   20     0         0      
       epilog.asm.obj         16     0         0      
       fs_neg.asm.obj         10     0         0      
       isr_trap.asm.obj       8      0         0      
       exit.c.obj             6      0         0      
       pre_init.c.obj         4      0         0      
       int00.asm.obj          0      2         0      
       int02.asm.obj          0      2         0      
       int03.asm.obj          0      2         0      
       int05.asm.obj          0      2         0      
       int06.asm.obj          0      2         0      
       int07.asm.obj          0      2         0      
       int09.asm.obj          0      2         0      
       int10.asm.obj          0      2         0      
       int11.asm.obj          0      2         0      
       int12.asm.obj          0      2         0      
       int13.asm.obj          0      2         0      
       int14.asm.obj          0      2         0      
       startup.c.obj          2      0         0      
    +--+----------------------+------+---------+---------+
       Total:                 1230   26        0      
                                                      
       Stack:                 0      0         80     
       Linker Generated:      0      10        0      
    +--+----------------------+------+---------+---------+
       Grand Total:           2312   50        94     


LINKER GENERATED COPY TABLES

__TI_cinit_table @ 0000c91a records: 1, size/record: 4, table size: 4
	.bss: load addr=0000c914, load size=00000004 bytes, run addr=00000200, run size=0000000e bytes, compression=zero_init


LINKER GENERATED HANDLER TABLE

__TI_handler_table @ 0000c918 records: 1, size/record: 2, table size: 2
	index: 0, handler: __TI_zero_init


GLOBAL SYMBOLS: SORTED ALPHABETICALLY BY Name 

address   name                          
-------   ----                          
0000004a  ADC10AE0                      
000001b0  ADC10CTL0                     
000001b2  ADC10CTL1                     
00000048  ADC10DTC0                     
00000049  ADC10DTC1                     
000001b4  ADC10MEM                      
000001bc  ADC10SA                       
00000057  BCSCTL1                       
00000058  BCSCTL2                       
00000053  BCSCTL3                       
0000c8fc  C$$EXIT                       
00000059  CACTL1                        
0000005a  CACTL2                        
000010fb  CALBC1_12MHZ                  
000010f9  CALBC1_16MHZ                  
000010ff  CALBC1_1MHZ                   
000010fd  CALBC1_8MHZ                   
000010fa  CALDCO_12MHZ                  
000010f8  CALDCO_16MHZ                  
000010fe  CALDCO_1MHZ                   
000010fc  CALDCO_8MHZ                   
0000005b  CAPD                          
00000056  DCOCTL                        
0000020c  Data_Ready                    
00000200  Distance                      
00000128  FCTL1                         
0000012a  FCTL2                         
0000012c  FCTL3                         
0000020d  Falling_Rising_Edge           
00000000  IE1                           
00000001  IE2                           
00000002  IFG1                          
00000003  IFG2                          
0000c8b0  LCD_Clear                     
0000c69e  LCD_Cursor_Shift              
0000c84c  LCD_Goto                      
0000c8c0  LCD_Home                      
0000c336  LCD_Init                      
0000c8e0  LCD_Put_Char                  
0000c000  LCD_Put_Float                 
0000c888  LCD_Put_String                
0000c704  LCD_Read_Nibble               
0000c7e2  LCD_Wait                      
0000c65e  LCD_Write_Command             
00000022  P1DIR                         
00000025  P1IE                          
00000024  P1IES                         
00000023  P1IFG                         
00000020  P1IN                          
00000021  P1OUT                         
00000027  P1REN                         
00000026  P1SEL                         
00000041  P1SEL2                        
0000002a  P2DIR                         
0000002d  P2IE                          
0000002c  P2IES                         
0000002b  P2IFG                         
00000028  P2IN                          
00000029  P2OUT                         
0000002f  P2REN                         
0000002e  P2SEL                         
00000042  P2SEL2                        
0000001a  P3DIR                         
00000018  P3IN                          
00000019  P3OUT                         
00000010  P3REN                         
0000001b  P3SEL                         
00000043  P3SEL2                        
00000204  Range                         
0000c82a  SRF05_Echo_Int                
0000c5d6  SRF05_Get_Range               
0000c734  SRF05_Init                    
0000c7b8  SRF05_Process                 
00000172  TA0CCR0                       
00000174  TA0CCR1                       
00000176  TA0CCR2                       
00000162  TA0CCTL0                      
00000164  TA0CCTL1                      
00000166  TA0CCTL2                      
00000160  TA0CTL                        
0000012e  TA0IV                         
00000170  TA0R                          
00000192  TA1CCR0                       
00000194  TA1CCR1                       
00000196  TA1CCR2                       
00000182  TA1CCTL0                      
00000184  TA1CCTL1                      
00000186  TA1CCTL2                      
00000180  TA1CTL                        
0000011e  TA1IV                         
00000190  TA1R                          
000010db  TLV_ADC10_1_LEN               
000010da  TLV_ADC10_1_TAG               
000010c0  TLV_CHECKSUM                  
000010f7  TLV_DCO_30_LEN                
000010f6  TLV_DCO_30_TAG                
00000208  Time_Echo                     
0000005d  UCA0ABCTL                     
00000062  UCA0BR0                       
00000063  UCA0BR1                       
00000060  UCA0CTL0                      
00000061  UCA0CTL1                      
0000005f  UCA0IRRCTL                    
0000005e  UCA0IRTCTL                    
00000064  UCA0MCTL                      
00000066  UCA0RXBUF                     
00000065  UCA0STAT                      
00000067  UCA0TXBUF                     
0000006a  UCB0BR0                       
0000006b  UCB0BR1                       
00000068  UCB0CTL0                      
00000069  UCB0CTL1                      
0000006c  UCB0I2CIE                     
00000118  UCB0I2COA                     
0000011a  UCB0I2CSA                     
0000006e  UCB0RXBUF                     
0000006d  UCB0STAT                      
0000006f  UCB0TXBUF                     
00000120  WDTCTL                        
00000400  __STACK_END                   
00000050  __STACK_SIZE                  
0000c91a  __TI_CINIT_Base               
0000c91e  __TI_CINIT_Limit              
0000c918  __TI_Handler_Table_Base       
0000c91a  __TI_Handler_Table_Limit      
0000c8f4  __TI_ISR_TRAP                 
0000c61c  __TI_auto_init_nobinit_nopinit
0000ffe0  __TI_int00                    
0000ffe4  __TI_int02                    
0000ffe6  __TI_int03                    
0000ffea  __TI_int05                    
0000ffec  __TI_int06                    
0000ffee  __TI_int07                    
0000fff0  __TI_int08                    
0000fff2  __TI_int09                    
0000fff4  __TI_int10                    
0000fff6  __TI_int11                    
0000fff8  __TI_int12                    
0000fffa  __TI_int13                    
0000fffc  __TI_int14                    
ffffffff  __TI_pprof_out_hndl           
ffffffff  __TI_prof_data_size           
ffffffff  __TI_prof_data_start          
0000c89c  __TI_zero_init_nomemset       
ffffffff  __c_args__                    
0000c146  __mspabi_addf                 
0000c58c  __mspabi_cmpf                 
0000c3da  __mspabi_divf                 
0000c4e8  __mspabi_divul                
0000c540  __mspabi_fixful               
0000c806  __mspabi_fltuf                
0000c6d2  __mspabi_fltulf               
0000c8dc  __mspabi_func_epilog_1        
0000c8da  __mspabi_func_epilog_2        
0000c8d8  __mspabi_func_epilog_3        
0000c8d6  __mspabi_func_epilog_4        
0000c8d4  __mspabi_func_epilog_5        
0000c8d2  __mspabi_func_epilog_6        
0000c8d0  __mspabi_func_epilog_7        
0000c272  __mspabi_mpyf                 
0000c8ea  __mspabi_negf                 
0000c4e8  __mspabi_remul                
0000c78c  __mspabi_slli                 
0000c7b4  __mspabi_slli_1               
0000c7a2  __mspabi_slli_10              
0000c7a0  __mspabi_slli_11              
0000c79e  __mspabi_slli_12              
0000c79c  __mspabi_slli_13              
0000c79a  __mspabi_slli_14              
0000c798  __mspabi_slli_15              
0000c7b2  __mspabi_slli_2               
0000c7b0  __mspabi_slli_3               
0000c7ae  __mspabi_slli_4               
0000c7ac  __mspabi_slli_5               
0000c7aa  __mspabi_slli_6               
0000c7a8  __mspabi_slli_7               
0000c7a6  __mspabi_slli_8               
0000c7a4  __mspabi_slli_9               
0000c760  __mspabi_srai                 
0000c788  __mspabi_srai_1               
0000c776  __mspabi_srai_10              
0000c774  __mspabi_srai_11              
0000c772  __mspabi_srai_12              
0000c770  __mspabi_srai_13              
0000c76e  __mspabi_srai_14              
0000c76c  __mspabi_srai_15              
0000c786  __mspabi_srai_2               
0000c784  __mspabi_srai_3               
0000c782  __mspabi_srai_4               
0000c780  __mspabi_srai_5               
0000c77e  __mspabi_srai_6               
0000c77c  __mspabi_srai_7               
0000c77a  __mspabi_srai_8               
0000c778  __mspabi_srai_9               
0000c140  __mspabi_subf                 
0000c86c  _c_int00_noargs               
0000fffe  _reset_vector                 
000003b0  _stack                        
0000c906  _system_post_cinit            
0000c902  _system_pre_init              
0000c8fc  abort                         
0000c476  main                          


GLOBAL SYMBOLS: SORTED BY Symbol Address 

address   name                          
-------   ----                          
00000000  IE1                           
00000001  IE2                           
00000002  IFG1                          
00000003  IFG2                          
00000010  P3REN                         
00000018  P3IN                          
00000019  P3OUT                         
0000001a  P3DIR                         
0000001b  P3SEL                         
00000020  P1IN                          
00000021  P1OUT                         
00000022  P1DIR                         
00000023  P1IFG                         
00000024  P1IES                         
00000025  P1IE                          
00000026  P1SEL                         
00000027  P1REN                         
00000028  P2IN                          
00000029  P2OUT                         
0000002a  P2DIR                         
0000002b  P2IFG                         
0000002c  P2IES                         
0000002d  P2IE                          
0000002e  P2SEL                         
0000002f  P2REN                         
00000041  P1SEL2                        
00000042  P2SEL2                        
00000043  P3SEL2                        
00000048  ADC10DTC0                     
00000049  ADC10DTC1                     
0000004a  ADC10AE0                      
00000050  __STACK_SIZE                  
00000053  BCSCTL3                       
00000056  DCOCTL                        
00000057  BCSCTL1                       
00000058  BCSCTL2                       
00000059  CACTL1                        
0000005a  CACTL2                        
0000005b  CAPD                          
0000005d  UCA0ABCTL                     
0000005e  UCA0IRTCTL                    
0000005f  UCA0IRRCTL                    
00000060  UCA0CTL0                      
00000061  UCA0CTL1                      
00000062  UCA0BR0                       
00000063  UCA0BR1                       
00000064  UCA0MCTL                      
00000065  UCA0STAT                      
00000066  UCA0RXBUF                     
00000067  UCA0TXBUF                     
00000068  UCB0CTL0                      
00000069  UCB0CTL1                      
0000006a  UCB0BR0                       
0000006b  UCB0BR1                       
0000006c  UCB0I2CIE                     
0000006d  UCB0STAT                      
0000006e  UCB0RXBUF                     
0000006f  UCB0TXBUF                     
00000118  UCB0I2COA                     
0000011a  UCB0I2CSA                     
0000011e  TA1IV                         
00000120  WDTCTL                        
00000128  FCTL1                         
0000012a  FCTL2                         
0000012c  FCTL3                         
0000012e  TA0IV                         
00000160  TA0CTL                        
00000162  TA0CCTL0                      
00000164  TA0CCTL1                      
00000166  TA0CCTL2                      
00000170  TA0R                          
00000172  TA0CCR0                       
00000174  TA0CCR1                       
00000176  TA0CCR2                       
00000180  TA1CTL                        
00000182  TA1CCTL0                      
00000184  TA1CCTL1                      
00000186  TA1CCTL2                      
00000190  TA1R                          
00000192  TA1CCR0                       
00000194  TA1CCR1                       
00000196  TA1CCR2                       
000001b0  ADC10CTL0                     
000001b2  ADC10CTL1                     
000001b4  ADC10MEM                      
000001bc  ADC10SA                       
00000200  Distance                      
00000204  Range                         
00000208  Time_Echo                     
0000020c  Data_Ready                    
0000020d  Falling_Rising_Edge           
000003b0  _stack                        
00000400  __STACK_END                   
000010c0  TLV_CHECKSUM                  
000010da  TLV_ADC10_1_TAG               
000010db  TLV_ADC10_1_LEN               
000010f6  TLV_DCO_30_TAG                
000010f7  TLV_DCO_30_LEN                
000010f8  CALDCO_16MHZ                  
000010f9  CALBC1_16MHZ                  
000010fa  CALDCO_12MHZ                  
000010fb  CALBC1_12MHZ                  
000010fc  CALDCO_8MHZ                   
000010fd  CALBC1_8MHZ                   
000010fe  CALDCO_1MHZ                   
000010ff  CALBC1_1MHZ                   
0000c000  LCD_Put_Float                 
0000c140  __mspabi_subf                 
0000c146  __mspabi_addf                 
0000c272  __mspabi_mpyf                 
0000c336  LCD_Init                      
0000c3da  __mspabi_divf                 
0000c476  main                          
0000c4e8  __mspabi_divul                
0000c4e8  __mspabi_remul                
0000c540  __mspabi_fixful               
0000c58c  __mspabi_cmpf                 
0000c5d6  SRF05_Get_Range               
0000c61c  __TI_auto_init_nobinit_nopinit
0000c65e  LCD_Write_Command             
0000c69e  LCD_Cursor_Shift              
0000c6d2  __mspabi_fltulf               
0000c704  LCD_Read_Nibble               
0000c734  SRF05_Init                    
0000c760  __mspabi_srai                 
0000c76c  __mspabi_srai_15              
0000c76e  __mspabi_srai_14              
0000c770  __mspabi_srai_13              
0000c772  __mspabi_srai_12              
0000c774  __mspabi_srai_11              
0000c776  __mspabi_srai_10              
0000c778  __mspabi_srai_9               
0000c77a  __mspabi_srai_8               
0000c77c  __mspabi_srai_7               
0000c77e  __mspabi_srai_6               
0000c780  __mspabi_srai_5               
0000c782  __mspabi_srai_4               
0000c784  __mspabi_srai_3               
0000c786  __mspabi_srai_2               
0000c788  __mspabi_srai_1               
0000c78c  __mspabi_slli                 
0000c798  __mspabi_slli_15              
0000c79a  __mspabi_slli_14              
0000c79c  __mspabi_slli_13              
0000c79e  __mspabi_slli_12              
0000c7a0  __mspabi_slli_11              
0000c7a2  __mspabi_slli_10              
0000c7a4  __mspabi_slli_9               
0000c7a6  __mspabi_slli_8               
0000c7a8  __mspabi_slli_7               
0000c7aa  __mspabi_slli_6               
0000c7ac  __mspabi_slli_5               
0000c7ae  __mspabi_slli_4               
0000c7b0  __mspabi_slli_3               
0000c7b2  __mspabi_slli_2               
0000c7b4  __mspabi_slli_1               
0000c7b8  SRF05_Process                 
0000c7e2  LCD_Wait                      
0000c806  __mspabi_fltuf                
0000c82a  SRF05_Echo_Int                
0000c84c  LCD_Goto                      
0000c86c  _c_int00_noargs               
0000c888  LCD_Put_String                
0000c89c  __TI_zero_init_nomemset       
0000c8b0  LCD_Clear                     
0000c8c0  LCD_Home                      
0000c8d0  __mspabi_func_epilog_7        
0000c8d2  __mspabi_func_epilog_6        
0000c8d4  __mspabi_func_epilog_5        
0000c8d6  __mspabi_func_epilog_4        
0000c8d8  __mspabi_func_epilog_3        
0000c8da  __mspabi_func_epilog_2        
0000c8dc  __mspabi_func_epilog_1        
0000c8e0  LCD_Put_Char                  
0000c8ea  __mspabi_negf                 
0000c8f4  __TI_ISR_TRAP                 
0000c8fc  C$$EXIT                       
0000c8fc  abort                         
0000c902  _system_pre_init              
0000c906  _system_post_cinit            
0000c918  __TI_Handler_Table_Base       
0000c91a  __TI_CINIT_Base               
0000c91a  __TI_Handler_Table_Limit      
0000c91e  __TI_CINIT_Limit              
0000ffe0  __TI_int00                    
0000ffe4  __TI_int02                    
0000ffe6  __TI_int03                    
0000ffea  __TI_int05                    
0000ffec  __TI_int06                    
0000ffee  __TI_int07                    
0000fff0  __TI_int08                    
0000fff2  __TI_int09                    
0000fff4  __TI_int10                    
0000fff6  __TI_int11                    
0000fff8  __TI_int12                    
0000fffa  __TI_int13                    
0000fffc  __TI_int14                    
0000fffe  _reset_vector                 
ffffffff  __TI_pprof_out_hndl           
ffffffff  __TI_prof_data_size           
ffffffff  __TI_prof_data_start          
ffffffff  __c_args__                    

[202 symbols]
