******************************************************************************
                  MSP430 Linker PC v18.1.2                     
******************************************************************************
>> Linked Fri Feb 15 14:24:56 2019

OUTPUT FILE NAME:   <Pulse_Sensor_V02.out>
ENTRY POINT SYMBOL: "_c_int00_noargs"  address: 0000cdfa


MEMORY CONFIGURATION

         name            origin    length      used     unused   attr    fill
----------------------  --------  ---------  --------  --------  ----  --------
  SFR                   00000000   00000010  00000000  00000010  RWIX
  PERIPHERALS_8BIT      00000010   000000f0  00000000  000000f0  RWIX
  PERIPHERALS_16BIT     00000100   00000100  00000000  00000100  RWIX
  RAM                   00000200   00000200  00000056  000001aa  RWIX
  INFOD                 00001000   00000040  00000000  00000040  RWIX
  INFOC                 00001040   00000040  00000000  00000040  RWIX
  INFOB                 00001080   00000040  00000000  00000040  RWIX
  INFOA                 000010c0   00000040  00000000  00000040  RWIX
  FLASH                 0000c000   00003fde  00000ee4  000030fa  RWIX
  BSLSIGNATURE          0000ffde   00000002  00000002  00000000  RWIX  ffff 
  INT00                 0000ffe0   00000002  00000002  00000000  RWIX
  INT01                 0000ffe2   00000002  00000000  00000002  RWIX
  INT02                 0000ffe4   00000002  00000002  00000000  RWIX
  INT03                 0000ffe6   00000002  00000002  00000000  RWIX
  INT04                 0000ffe8   00000002  00000000  00000002  RWIX
  INT05                 0000ffea   00000002  00000002  00000000  RWIX
  INT06                 0000ffec   00000002  00000002  00000000  RWIX
  INT07                 0000ffee   00000002  00000002  00000000  RWIX
  INT08                 0000fff0   00000002  00000002  00000000  RWIX
  INT09                 0000fff2   00000002  00000002  00000000  RWIX
  INT10                 0000fff4   00000002  00000002  00000000  RWIX
  INT11                 0000fff6   00000002  00000002  00000000  RWIX
  INT12                 0000fff8   00000002  00000002  00000000  RWIX
  INT13                 0000fffa   00000002  00000002  00000000  RWIX
  INT14                 0000fffc   00000002  00000002  00000000  RWIX
  RESET                 0000fffe   00000002  00000002  00000000  RWIX


SECTION ALLOCATION MAP

 output                                  attributes/
section   page    origin      length       input sections
--------  ----  ----------  ----------   ----------------
.bss       0    00000200    00000006     UNINITIALIZED
                  00000200    00000002     (.common:ADC_Result)
                  00000202    00000002     (.common:Heart_Beat)
                  00000204    00000002     (.common:Timer_Over_Flow)

.stack     0    000003b0    00000050     UNINITIALIZED
                  000003b0    00000002     rts430_eabi.lib : boot.c.obj (.stack)
                  000003b2    0000004e     --HOLE--

.text      0    0000c000    00000ec4     
                  0000c000    00000478     rts430_eabi.lib : frcdivd.c.obj (.text:__TI_frcdivd)
                  0000c478    00000238                     : divd.c.obj (.text:__mspabi_divd)
                  0000c6b0    000000ac                     : fltlid.c.obj (.text:__mspabi_fltlid)
                  0000c75c    000000a4     LCD.obj (.text:LCD_Init)
                  0000c800    0000009c     LCD.obj (.text:LCD_Put_Decimal)
                  0000c89c    00000078     Capture.obj (.text:TA0IV_Interrupt)
                  0000c914    00000074     rts430_eabi.lib : fixdul.c.obj (.text:__mspabi_fixdul)
                  0000c988    00000060     main.obj (.text:main)
                  0000c9e8    0000005c     rts430_eabi.lib : lsr32.asm.obj (.text:l_lsr_const)
                  0000ca44    00000058                     : div32u.asm.obj (.text)
                  0000ca9c    0000004c                     : lsr16.asm.obj (.text)
                  0000cae8    00000042                     : autoinit.c.obj (.text:__TI_auto_init_nobinit_nopinit:__TI_auto_init_nobinit_nopinit)
                  0000cb2a    00000040     LCD.obj (.text:LCD_Write_Command)
                  0000cb6a    00000040     rts430_eabi.lib : div32s.asm.obj (.text)
                  0000cbaa    0000003e                     : asr32.asm.obj (.text:l_asr_const)
                  0000cbe8    0000003e                     : lsl32.asm.obj (.text:l_lsl_const)
                  0000cc26    00000038     ADC10.obj (.text:ADC10_Get_Value)
                  0000cc5e    00000034     LCD.obj (.text:LCD_Cursor_Shift)
                  0000cc92    00000032     ADC10.obj (.text:ADC10_Interrupt)
                  0000ccc4    00000030     LCD.obj (.text:LCD_Read_Nibble)
                  0000ccf4    0000002c     rts430_eabi.lib : asr16.asm.obj (.text)
                  0000cd20    0000002c                     : lsl16.asm.obj (.text)
                  0000cd4c    00000026                     : mult32.asm.obj (.text)
                  0000cd72    00000024     ADC10.obj (.text:ADC10_Init)
                  0000cd96    00000024     LCD.obj (.text:LCD_Wait)
                  0000cdba    00000020     Capture.obj (.text:Capture_Init)
                  0000cdda    00000020     LCD.obj (.text:LCD_Goto)
                  0000cdfa    0000001c     rts430_eabi.lib : boot.c.obj (.text:_c_int00_noargs)
                  0000ce16    00000014     LCD.obj (.text:LCD_Put_String)
                  0000ce2a    00000014     rts430_eabi.lib : copy_zero_init.c.obj (.text:decompress:ZI:__TI_zero_init_nomemset:__TI_zero_init_nomemset)
                  0000ce3e    00000014                     : mult16.asm.obj (.text)
                  0000ce52    00000012                     : fixdu.c.obj (.text:__mspabi_fixdu)
                  0000ce64    00000012                     : lsr32.asm.obj (.text:l_lsr)
                  0000ce76    00000010     LCD.obj (.text:LCD_Clear)
                  0000ce86    00000010     LCD.obj (.text:LCD_Home)
                  0000ce96    00000010     rts430_eabi.lib : epilog.asm.obj (.text)
                  0000cea6    0000000a     LCD.obj (.text:LCD_Put_Char)
                  0000ceb0    00000008     rts430_eabi.lib : isr_trap.asm.obj (.text:_isr:__TI_ISR_TRAP)
                  0000ceb8    00000006                     : exit.c.obj (.text:abort)
                  0000cebe    00000004                     : pre_init.c.obj (.text:_system_pre_init)
                  0000cec2    00000002                     : startup.c.obj (.text:_system_post_cinit)

.const     0    0000cec4    00000016     
                  0000cec4    00000016     main.obj (.const:.string)

.cinit     0    0000ceda    0000000a     
                  0000ceda    00000004     (.cinit..bss.load) [load image, compression = zero_init]
                  0000cede    00000002     (__TI_handler_table)
                  0000cee0    00000004     (__TI_cinit_table)

.binit     0    0000c000    00000000     

.init_array 
*          0    0000c000    00000000     UNINITIALIZED

TRAPINT    0    0000ffe0    00000002     
                  0000ffe0    00000002     rts430_eabi.lib : int00.asm.obj (.int00)

PORT1      0    0000ffe4    00000002     
                  0000ffe4    00000002     rts430_eabi.lib : int02.asm.obj (.int02)

PORT2      0    0000ffe6    00000002     
                  0000ffe6    00000002     rts430_eabi.lib : int03.asm.obj (.int03)

ADC10      0    0000ffea    00000002     
                  0000ffea    00000002     ADC10.obj (.int05)

USCIAB0TX 
*          0    0000ffec    00000002     
                  0000ffec    00000002     rts430_eabi.lib : int06.asm.obj (.int06)

USCIAB0RX 
*          0    0000ffee    00000002     
                  0000ffee    00000002     rts430_eabi.lib : int07.asm.obj (.int07)

TIMER0_A1 
*          0    0000fff0    00000002     
                  0000fff0    00000002     Capture.obj (.int08)

TIMER0_A0 
*          0    0000fff2    00000002     
                  0000fff2    00000002     rts430_eabi.lib : int09.asm.obj (.int09)

WDT        0    0000fff4    00000002     
                  0000fff4    00000002     rts430_eabi.lib : int10.asm.obj (.int10)

COMPARATORA 
*          0    0000fff6    00000002     
                  0000fff6    00000002     rts430_eabi.lib : int11.asm.obj (.int11)

TIMER1_A1 
*          0    0000fff8    00000002     
                  0000fff8    00000002     rts430_eabi.lib : int12.asm.obj (.int12)

TIMER1_A0 
*          0    0000fffa    00000002     
                  0000fffa    00000002     rts430_eabi.lib : int13.asm.obj (.int13)

NMI        0    0000fffc    00000002     
                  0000fffc    00000002     rts430_eabi.lib : int14.asm.obj (.int14)

.reset     0    0000fffe    00000002     
                  0000fffe    00000002     rts430_eabi.lib : boot.c.obj (.reset)

$fill000   0    0000ffde    00000002     
                  0000ffde    00000002     --HOLE-- [fill = ffff]

MODULE SUMMARY

       Module                 code   ro data   rw data
       ------                 ----   -------   -------
    .\
       main.obj               96     22        6      
    +--+----------------------+------+---------+---------+
       Total:                 96     22        6      
                                                      
    .\ADC10\
       ADC10.obj              142    2         0      
    +--+----------------------+------+---------+---------+
       Total:                 142    2         0      
                                                      
    .\Capture\
       Capture.obj            152    2         0      
    +--+----------------------+------+---------+---------+
       Total:                 152    2         0      
                                                      
    .\LCD\
       LCD.obj                614    0         0      
    +--+----------------------+------+---------+---------+
       Total:                 614    0         0      
                                                      
    E:\ti\ccsv8\tools\compiler\ti-cgt-msp430_18.1.2.LTS\lib\rts430_eabi.lib
       frcdivd.c.obj          1144   0         0      
       divd.c.obj             568    0         0      
       fltlid.c.obj           172    0         0      
       fixdul.c.obj           116    0         0      
       lsr32.asm.obj          110    0         0      
       div32u.asm.obj         88     0         0      
       lsr16.asm.obj          76     0         0      
       autoinit.c.obj         66     0         0      
       div32s.asm.obj         64     0         0      
       asr32.asm.obj          62     0         0      
       lsl32.asm.obj          62     0         0      
       asr16.asm.obj          44     0         0      
       lsl16.asm.obj          44     0         0      
       mult32.asm.obj         38     0         0      
       boot.c.obj             28     2         0      
       copy_zero_init.c.obj   20     0         0      
       mult16.asm.obj         20     0         0      
       fixdu.c.obj            18     0         0      
       epilog.asm.obj         16     0         0      
       isr_trap.asm.obj       8      0         0      
       exit.c.obj             6      0         0      
       pre_init.c.obj         4      0         0      
       int00.asm.obj          0      2         0      
       int02.asm.obj          0      2         0      
       int03.asm.obj          0      2         0      
       int06.asm.obj          0      2         0      
       int07.asm.obj          0      2         0      
       int09.asm.obj          0      2         0      
       int10.asm.obj          0      2         0      
       int11.asm.obj          0      2         0      
       int12.asm.obj          0      2         0      
       int13.asm.obj          0      2         0      
       int14.asm.obj          0      2         0      
       startup.c.obj          2      0         0      
    +--+----------------------+------+---------+---------+
       Total:                 2776   24        0      
                                                      
       Stack:                 0      0         80     
       Linker Generated:      0      10        0      
    +--+----------------------+------+---------+---------+
       Grand Total:           3780   60        86     


LINKER GENERATED COPY TABLES

__TI_cinit_table @ 0000cee0 records: 1, size/record: 4, table size: 4
	.bss: load addr=0000ceda, load size=00000004 bytes, run addr=00000200, run size=00000006 bytes, compression=zero_init


LINKER GENERATED HANDLER TABLE

__TI_handler_table @ 0000cede records: 1, size/record: 2, table size: 2
	index: 0, handler: __TI_zero_init


GLOBAL SYMBOLS: SORTED ALPHABETICALLY BY Name 

address   name                          
-------   ----                          
0000004a  ADC10AE0                      
000001b0  ADC10CTL0                     
000001b2  ADC10CTL1                     
00000048  ADC10DTC0                     
00000049  ADC10DTC1                     
000001b4  ADC10MEM                      
000001bc  ADC10SA                       
0000cc26  ADC10_Get_Value               
0000cd72  ADC10_Init                    
0000cc92  ADC10_Interrupt               
00000200  ADC_Result                    
00000057  BCSCTL1                       
00000058  BCSCTL2                       
00000053  BCSCTL3                       
0000ceb8  C$$EXIT                       
00000059  CACTL1                        
0000005a  CACTL2                        
000010fb  CALBC1_12MHZ                  
000010f9  CALBC1_16MHZ                  
000010ff  CALBC1_1MHZ                   
000010fd  CALBC1_8MHZ                   
000010fa  CALDCO_12MHZ                  
000010f8  CALDCO_16MHZ                  
000010fe  CALDCO_1MHZ                   
000010fc  CALDCO_8MHZ                   
0000005b  CAPD                          
0000cdba  Capture_Init                  
00000056  DCOCTL                        
00000128  FCTL1                         
0000012a  FCTL2                         
0000012c  FCTL3                         
00000202  Heart_Beat                    
00000000  IE1                           
00000001  IE2                           
00000002  IFG1                          
00000003  IFG2                          
0000ce76  LCD_Clear                     
0000cc5e  LCD_Cursor_Shift              
0000cdda  LCD_Goto                      
0000ce86  LCD_Home                      
0000c75c  LCD_Init                      
0000cea6  LCD_Put_Char                  
0000c800  LCD_Put_Decimal               
0000ce16  LCD_Put_String                
0000ccc4  LCD_Read_Nibble               
0000cd96  LCD_Wait                      
0000cb2a  LCD_Write_Command             
00000022  P1DIR                         
00000025  P1IE                          
00000024  P1IES                         
00000023  P1IFG                         
00000020  P1IN                          
00000021  P1OUT                         
00000027  P1REN                         
00000026  P1SEL                         
00000041  P1SEL2                        
0000002a  P2DIR                         
0000002d  P2IE                          
0000002c  P2IES                         
0000002b  P2IFG                         
00000028  P2IN                          
00000029  P2OUT                         
0000002f  P2REN                         
0000002e  P2SEL                         
00000042  P2SEL2                        
0000001a  P3DIR                         
00000018  P3IN                          
00000019  P3OUT                         
00000010  P3REN                         
0000001b  P3SEL                         
00000043  P3SEL2                        
00000172  TA0CCR0                       
00000174  TA0CCR1                       
00000176  TA0CCR2                       
00000162  TA0CCTL0                      
00000164  TA0CCTL1                      
00000166  TA0CCTL2                      
00000160  TA0CTL                        
0000012e  TA0IV                         
0000c89c  TA0IV_Interrupt               
00000170  TA0R                          
00000192  TA1CCR0                       
00000194  TA1CCR1                       
00000196  TA1CCR2                       
00000182  TA1CCTL0                      
00000184  TA1CCTL1                      
00000186  TA1CCTL2                      
00000180  TA1CTL                        
0000011e  TA1IV                         
00000190  TA1R                          
000010db  TLV_ADC10_1_LEN               
000010da  TLV_ADC10_1_TAG               
000010c0  TLV_CHECKSUM                  
000010f7  TLV_DCO_30_LEN                
000010f6  TLV_DCO_30_TAG                
00000204  Timer_Over_Flow               
0000005d  UCA0ABCTL                     
00000062  UCA0BR0                       
00000063  UCA0BR1                       
00000060  UCA0CTL0                      
00000061  UCA0CTL1                      
0000005f  UCA0IRRCTL                    
0000005e  UCA0IRTCTL                    
00000064  UCA0MCTL                      
00000066  UCA0RXBUF                     
00000065  UCA0STAT                      
00000067  UCA0TXBUF                     
0000006a  UCB0BR0                       
0000006b  UCB0BR1                       
00000068  UCB0CTL0                      
00000069  UCB0CTL1                      
0000006c  UCB0I2CIE                     
00000118  UCB0I2COA                     
0000011a  UCB0I2CSA                     
0000006e  UCB0RXBUF                     
0000006d  UCB0STAT                      
0000006f  UCB0TXBUF                     
00000120  WDTCTL                        
00000400  __STACK_END                   
00000050  __STACK_SIZE                  
0000cee0  __TI_CINIT_Base               
0000cee4  __TI_CINIT_Limit              
0000cede  __TI_Handler_Table_Base       
0000cee0  __TI_Handler_Table_Limit      
0000ceb0  __TI_ISR_TRAP                 
0000cae8  __TI_auto_init_nobinit_nopinit
0000c000  __TI_frcdivd                  
0000ffe0  __TI_int00                    
0000ffe4  __TI_int02                    
0000ffe6  __TI_int03                    
0000ffea  __TI_int05                    
0000ffec  __TI_int06                    
0000ffee  __TI_int07                    
0000fff0  __TI_int08                    
0000fff2  __TI_int09                    
0000fff4  __TI_int10                    
0000fff6  __TI_int11                    
0000fff8  __TI_int12                    
0000fffa  __TI_int13                    
0000fffc  __TI_int14                    
ffffffff  __TI_pprof_out_hndl           
ffffffff  __TI_prof_data_size           
ffffffff  __TI_prof_data_start          
0000ce2a  __TI_zero_init_nomemset       
ffffffff  __c_args__                    
0000c478  __mspabi_divd                 
0000cb6a  __mspabi_divli                
0000ca44  __mspabi_divul                
0000ce52  __mspabi_fixdu                
0000c914  __mspabi_fixdul               
0000c6b0  __mspabi_fltlid               
0000cea2  __mspabi_func_epilog_1        
0000cea0  __mspabi_func_epilog_2        
0000ce9e  __mspabi_func_epilog_3        
0000ce9c  __mspabi_func_epilog_4        
0000ce9a  __mspabi_func_epilog_5        
0000ce98  __mspabi_func_epilog_6        
0000ce96  __mspabi_func_epilog_7        
0000ce3e  __mspabi_mpyi                 
0000ce3e  __mspabi_mpyi_sw              
0000cd4c  __mspabi_mpyl                 
0000cd4c  __mspabi_mpyl_sw              
0000cb6a  __mspabi_remli                
0000ca44  __mspabi_remul                
0000cd20  __mspabi_slli                 
0000cd48  __mspabi_slli_1               
0000cd36  __mspabi_slli_10              
0000cd34  __mspabi_slli_11              
0000cd32  __mspabi_slli_12              
0000cd30  __mspabi_slli_13              
0000cd2e  __mspabi_slli_14              
0000cd2c  __mspabi_slli_15              
0000cd46  __mspabi_slli_2               
0000cd44  __mspabi_slli_3               
0000cd42  __mspabi_slli_4               
0000cd40  __mspabi_slli_5               
0000cd3e  __mspabi_slli_6               
0000cd3c  __mspabi_slli_7               
0000cd3a  __mspabi_slli_8               
0000cd38  __mspabi_slli_9               
0000cc20  __mspabi_slll_1               
0000cbfc  __mspabi_slll_10              
0000cbf8  __mspabi_slll_11              
0000cbf4  __mspabi_slll_12              
0000cbf0  __mspabi_slll_13              
0000cbec  __mspabi_slll_14              
0000cbe8  __mspabi_slll_15              
0000cc1c  __mspabi_slll_2               
0000cc18  __mspabi_slll_3               
0000cc14  __mspabi_slll_4               
0000cc10  __mspabi_slll_5               
0000cc0c  __mspabi_slll_6               
0000cc08  __mspabi_slll_7               
0000cc04  __mspabi_slll_8               
0000cc00  __mspabi_slll_9               
0000ccf4  __mspabi_srai                 
0000cd1c  __mspabi_srai_1               
0000cd0a  __mspabi_srai_10              
0000cd08  __mspabi_srai_11              
0000cd06  __mspabi_srai_12              
0000cd04  __mspabi_srai_13              
0000cd02  __mspabi_srai_14              
0000cd00  __mspabi_srai_15              
0000cd1a  __mspabi_srai_2               
0000cd18  __mspabi_srai_3               
0000cd16  __mspabi_srai_4               
0000cd14  __mspabi_srai_5               
0000cd12  __mspabi_srai_6               
0000cd10  __mspabi_srai_7               
0000cd0e  __mspabi_srai_8               
0000cd0c  __mspabi_srai_9               
0000cbe2  __mspabi_sral_1               
0000cbbe  __mspabi_sral_10              
0000cbba  __mspabi_sral_11              
0000cbb6  __mspabi_sral_12              
0000cbb2  __mspabi_sral_13              
0000cbae  __mspabi_sral_14              
0000cbaa  __mspabi_sral_15              
0000cbde  __mspabi_sral_2               
0000cbda  __mspabi_sral_3               
0000cbd6  __mspabi_sral_4               
0000cbd2  __mspabi_sral_5               
0000cbce  __mspabi_sral_6               
0000cbca  __mspabi_sral_7               
0000cbc6  __mspabi_sral_8               
0000cbc2  __mspabi_sral_9               
0000ca9c  __mspabi_srli                 
0000cae2  __mspabi_srli_1               
0000cabe  __mspabi_srli_10              
0000caba  __mspabi_srli_11              
0000cab6  __mspabi_srli_12              
0000cab2  __mspabi_srli_13              
0000caae  __mspabi_srli_14              
0000caaa  __mspabi_srli_15              
0000cade  __mspabi_srli_2               
0000cada  __mspabi_srli_3               
0000cad6  __mspabi_srli_4               
0000cad2  __mspabi_srli_5               
0000cace  __mspabi_srli_6               
0000caca  __mspabi_srli_7               
0000cac6  __mspabi_srli_8               
0000cac2  __mspabi_srli_9               
0000ce64  __mspabi_srll                 
0000ca3c  __mspabi_srll_1               
0000ca06  __mspabi_srll_10              
0000ca00  __mspabi_srll_11              
0000c9fa  __mspabi_srll_12              
0000c9f4  __mspabi_srll_13              
0000c9ee  __mspabi_srll_14              
0000c9e8  __mspabi_srll_15              
0000ca36  __mspabi_srll_2               
0000ca30  __mspabi_srll_3               
0000ca2a  __mspabi_srll_4               
0000ca24  __mspabi_srll_5               
0000ca1e  __mspabi_srll_6               
0000ca18  __mspabi_srll_7               
0000ca12  __mspabi_srll_8               
0000ca0c  __mspabi_srll_9               
0000cdfa  _c_int00_noargs               
0000fffe  _reset_vector                 
000003b0  _stack                        
0000cec2  _system_post_cinit            
0000cebe  _system_pre_init              
0000ceb8  abort                         
0000c988  main                          


GLOBAL SYMBOLS: SORTED BY Symbol Address 

address   name                          
-------   ----                          
00000000  IE1                           
00000001  IE2                           
00000002  IFG1                          
00000003  IFG2                          
00000010  P3REN                         
00000018  P3IN                          
00000019  P3OUT                         
0000001a  P3DIR                         
0000001b  P3SEL                         
00000020  P1IN                          
00000021  P1OUT                         
00000022  P1DIR                         
00000023  P1IFG                         
00000024  P1IES                         
00000025  P1IE                          
00000026  P1SEL                         
00000027  P1REN                         
00000028  P2IN                          
00000029  P2OUT                         
0000002a  P2DIR                         
0000002b  P2IFG                         
0000002c  P2IES                         
0000002d  P2IE                          
0000002e  P2SEL                         
0000002f  P2REN                         
00000041  P1SEL2                        
00000042  P2SEL2                        
00000043  P3SEL2                        
00000048  ADC10DTC0                     
00000049  ADC10DTC1                     
0000004a  ADC10AE0                      
00000050  __STACK_SIZE                  
00000053  BCSCTL3                       
00000056  DCOCTL                        
00000057  BCSCTL1                       
00000058  BCSCTL2                       
00000059  CACTL1                        
0000005a  CACTL2                        
0000005b  CAPD                          
0000005d  UCA0ABCTL                     
0000005e  UCA0IRTCTL                    
0000005f  UCA0IRRCTL                    
00000060  UCA0CTL0                      
00000061  UCA0CTL1                      
00000062  UCA0BR0                       
00000063  UCA0BR1                       
00000064  UCA0MCTL                      
00000065  UCA0STAT                      
00000066  UCA0RXBUF                     
00000067  UCA0TXBUF                     
00000068  UCB0CTL0                      
00000069  UCB0CTL1                      
0000006a  UCB0BR0                       
0000006b  UCB0BR1                       
0000006c  UCB0I2CIE                     
0000006d  UCB0STAT                      
0000006e  UCB0RXBUF                     
0000006f  UCB0TXBUF                     
00000118  UCB0I2COA                     
0000011a  UCB0I2CSA                     
0000011e  TA1IV                         
00000120  WDTCTL                        
00000128  FCTL1                         
0000012a  FCTL2                         
0000012c  FCTL3                         
0000012e  TA0IV                         
00000160  TA0CTL                        
00000162  TA0CCTL0                      
00000164  TA0CCTL1                      
00000166  TA0CCTL2                      
00000170  TA0R                          
00000172  TA0CCR0                       
00000174  TA0CCR1                       
00000176  TA0CCR2                       
00000180  TA1CTL                        
00000182  TA1CCTL0                      
00000184  TA1CCTL1                      
00000186  TA1CCTL2                      
00000190  TA1R                          
00000192  TA1CCR0                       
00000194  TA1CCR1                       
00000196  TA1CCR2                       
000001b0  ADC10CTL0                     
000001b2  ADC10CTL1                     
000001b4  ADC10MEM                      
000001bc  ADC10SA                       
00000200  ADC_Result                    
00000202  Heart_Beat                    
00000204  Timer_Over_Flow               
000003b0  _stack                        
00000400  __STACK_END                   
000010c0  TLV_CHECKSUM                  
000010da  TLV_ADC10_1_TAG               
000010db  TLV_ADC10_1_LEN               
000010f6  TLV_DCO_30_TAG                
000010f7  TLV_DCO_30_LEN                
000010f8  CALDCO_16MHZ                  
000010f9  CALBC1_16MHZ                  
000010fa  CALDCO_12MHZ                  
000010fb  CALBC1_12MHZ                  
000010fc  CALDCO_8MHZ                   
000010fd  CALBC1_8MHZ                   
000010fe  CALDCO_1MHZ                   
000010ff  CALBC1_1MHZ                   
0000c000  __TI_frcdivd                  
0000c478  __mspabi_divd                 
0000c6b0  __mspabi_fltlid               
0000c75c  LCD_Init                      
0000c800  LCD_Put_Decimal               
0000c89c  TA0IV_Interrupt               
0000c914  __mspabi_fixdul               
0000c988  main                          
0000c9e8  __mspabi_srll_15              
0000c9ee  __mspabi_srll_14              
0000c9f4  __mspabi_srll_13              
0000c9fa  __mspabi_srll_12              
0000ca00  __mspabi_srll_11              
0000ca06  __mspabi_srll_10              
0000ca0c  __mspabi_srll_9               
0000ca12  __mspabi_srll_8               
0000ca18  __mspabi_srll_7               
0000ca1e  __mspabi_srll_6               
0000ca24  __mspabi_srll_5               
0000ca2a  __mspabi_srll_4               
0000ca30  __mspabi_srll_3               
0000ca36  __mspabi_srll_2               
0000ca3c  __mspabi_srll_1               
0000ca44  __mspabi_divul                
0000ca44  __mspabi_remul                
0000ca9c  __mspabi_srli                 
0000caaa  __mspabi_srli_15              
0000caae  __mspabi_srli_14              
0000cab2  __mspabi_srli_13              
0000cab6  __mspabi_srli_12              
0000caba  __mspabi_srli_11              
0000cabe  __mspabi_srli_10              
0000cac2  __mspabi_srli_9               
0000cac6  __mspabi_srli_8               
0000caca  __mspabi_srli_7               
0000cace  __mspabi_srli_6               
0000cad2  __mspabi_srli_5               
0000cad6  __mspabi_srli_4               
0000cada  __mspabi_srli_3               
0000cade  __mspabi_srli_2               
0000cae2  __mspabi_srli_1               
0000cae8  __TI_auto_init_nobinit_nopinit
0000cb2a  LCD_Write_Command             
0000cb6a  __mspabi_divli                
0000cb6a  __mspabi_remli                
0000cbaa  __mspabi_sral_15              
0000cbae  __mspabi_sral_14              
0000cbb2  __mspabi_sral_13              
0000cbb6  __mspabi_sral_12              
0000cbba  __mspabi_sral_11              
0000cbbe  __mspabi_sral_10              
0000cbc2  __mspabi_sral_9               
0000cbc6  __mspabi_sral_8               
0000cbca  __mspabi_sral_7               
0000cbce  __mspabi_sral_6               
0000cbd2  __mspabi_sral_5               
0000cbd6  __mspabi_sral_4               
0000cbda  __mspabi_sral_3               
0000cbde  __mspabi_sral_2               
0000cbe2  __mspabi_sral_1               
0000cbe8  __mspabi_slll_15              
0000cbec  __mspabi_slll_14              
0000cbf0  __mspabi_slll_13              
0000cbf4  __mspabi_slll_12              
0000cbf8  __mspabi_slll_11              
0000cbfc  __mspabi_slll_10              
0000cc00  __mspabi_slll_9               
0000cc04  __mspabi_slll_8               
0000cc08  __mspabi_slll_7               
0000cc0c  __mspabi_slll_6               
0000cc10  __mspabi_slll_5               
0000cc14  __mspabi_slll_4               
0000cc18  __mspabi_slll_3               
0000cc1c  __mspabi_slll_2               
0000cc20  __mspabi_slll_1               
0000cc26  ADC10_Get_Value               
0000cc5e  LCD_Cursor_Shift              
0000cc92  ADC10_Interrupt               
0000ccc4  LCD_Read_Nibble               
0000ccf4  __mspabi_srai                 
0000cd00  __mspabi_srai_15              
0000cd02  __mspabi_srai_14              
0000cd04  __mspabi_srai_13              
0000cd06  __mspabi_srai_12              
0000cd08  __mspabi_srai_11              
0000cd0a  __mspabi_srai_10              
0000cd0c  __mspabi_srai_9               
0000cd0e  __mspabi_srai_8               
0000cd10  __mspabi_srai_7               
0000cd12  __mspabi_srai_6               
0000cd14  __mspabi_srai_5               
0000cd16  __mspabi_srai_4               
0000cd18  __mspabi_srai_3               
0000cd1a  __mspabi_srai_2               
0000cd1c  __mspabi_srai_1               
0000cd20  __mspabi_slli                 
0000cd2c  __mspabi_slli_15              
0000cd2e  __mspabi_slli_14              
0000cd30  __mspabi_slli_13              
0000cd32  __mspabi_slli_12              
0000cd34  __mspabi_slli_11              
0000cd36  __mspabi_slli_10              
0000cd38  __mspabi_slli_9               
0000cd3a  __mspabi_slli_8               
0000cd3c  __mspabi_slli_7               
0000cd3e  __mspabi_slli_6               
0000cd40  __mspabi_slli_5               
0000cd42  __mspabi_slli_4               
0000cd44  __mspabi_slli_3               
0000cd46  __mspabi_slli_2               
0000cd48  __mspabi_slli_1               
0000cd4c  __mspabi_mpyl                 
0000cd4c  __mspabi_mpyl_sw              
0000cd72  ADC10_Init                    
0000cd96  LCD_Wait                      
0000cdba  Capture_Init                  
0000cdda  LCD_Goto                      
0000cdfa  _c_int00_noargs               
0000ce16  LCD_Put_String                
0000ce2a  __TI_zero_init_nomemset       
0000ce3e  __mspabi_mpyi                 
0000ce3e  __mspabi_mpyi_sw              
0000ce52  __mspabi_fixdu                
0000ce64  __mspabi_srll                 
0000ce76  LCD_Clear                     
0000ce86  LCD_Home                      
0000ce96  __mspabi_func_epilog_7        
0000ce98  __mspabi_func_epilog_6        
0000ce9a  __mspabi_func_epilog_5        
0000ce9c  __mspabi_func_epilog_4        
0000ce9e  __mspabi_func_epilog_3        
0000cea0  __mspabi_func_epilog_2        
0000cea2  __mspabi_func_epilog_1        
0000cea6  LCD_Put_Char                  
0000ceb0  __TI_ISR_TRAP                 
0000ceb8  C$$EXIT                       
0000ceb8  abort                         
0000cebe  _system_pre_init              
0000cec2  _system_post_cinit            
0000cede  __TI_Handler_Table_Base       
0000cee0  __TI_CINIT_Base               
0000cee0  __TI_Handler_Table_Limit      
0000cee4  __TI_CINIT_Limit              
0000ffe0  __TI_int00                    
0000ffe4  __TI_int02                    
0000ffe6  __TI_int03                    
0000ffea  __TI_int05                    
0000ffec  __TI_int06                    
0000ffee  __TI_int07                    
0000fff0  __TI_int08                    
0000fff2  __TI_int09                    
0000fff4  __TI_int10                    
0000fff6  __TI_int11                    
0000fff8  __TI_int12                    
0000fffa  __TI_int13                    
0000fffc  __TI_int14                    
0000fffe  _reset_vector                 
ffffffff  __TI_pprof_out_hndl           
ffffffff  __TI_prof_data_size           
ffffffff  __TI_prof_data_start          
ffffffff  __c_args__                    

[265 symbols]
