******************************************************************************
                  MSP430 Linker PC v18.1.2                     
******************************************************************************
>> Linked Fri Feb 15 14:24:40 2019

OUTPUT FILE NAME:   <Healthy_Watch.out>
ENTRY POINT SYMBOL: "_c_int00_noargs"  address: 0000da7e


MEMORY CONFIGURATION

         name            origin    length      used     unused   attr    fill
----------------------  --------  ---------  --------  --------  ----  --------
  SFR                   00000000   00000010  00000000  00000010  RWIX
  PERIPHERALS_8BIT      00000010   000000f0  00000000  000000f0  RWIX
  PERIPHERALS_16BIT     00000100   00000100  00000000  00000100  RWIX
  RAM                   00000200   00000200  00000075  0000018b  RWIX
  INFOD                 00001000   00000040  00000000  00000040  RWIX
  INFOC                 00001040   00000040  00000000  00000040  RWIX
  INFOB                 00001080   00000040  00000000  00000040  RWIX
  INFOA                 000010c0   00000040  00000000  00000040  RWIX
  FLASH                 0000c000   00003fde  00001c60  0000237e  RWIX
  BSLSIGNATURE          0000ffde   00000002  00000002  00000000  RWIX  ffff 
  INT00                 0000ffe0   00000002  00000002  00000000  RWIX
  INT01                 0000ffe2   00000002  00000000  00000002  RWIX
  INT02                 0000ffe4   00000002  00000002  00000000  RWIX
  INT03                 0000ffe6   00000002  00000002  00000000  RWIX
  INT04                 0000ffe8   00000002  00000000  00000002  RWIX
  INT05                 0000ffea   00000002  00000002  00000000  RWIX
  INT06                 0000ffec   00000002  00000002  00000000  RWIX
  INT07                 0000ffee   00000002  00000002  00000000  RWIX
  INT08                 0000fff0   00000002  00000002  00000000  RWIX
  INT09                 0000fff2   00000002  00000002  00000000  RWIX
  INT10                 0000fff4   00000002  00000002  00000000  RWIX
  INT11                 0000fff6   00000002  00000002  00000000  RWIX
  INT12                 0000fff8   00000002  00000002  00000000  RWIX
  INT13                 0000fffa   00000002  00000002  00000000  RWIX
  INT14                 0000fffc   00000002  00000002  00000000  RWIX
  RESET                 0000fffe   00000002  00000002  00000000  RWIX


SECTION ALLOCATION MAP

 output                                  attributes/
section   page    origin      length       input sections
--------  ----  ----------  ----------   ----------------
.bss       0    00000200    00000022     UNINITIALIZED
                  00000200    0000000a     (.common:Read_Buffer)
                  0000020a    00000004     (.common:Temperature)
                  0000020e    00000002     (.common:ADC_Result)
                  00000210    00000002     (.common:Heart_Beat)
                  00000212    00000002     (.common:Timer_Over_Flow)
                  00000214    00000002     (.common:date)
                  00000216    00000002     (.common:day)
                  00000218    00000002     (.common:hour)
                  0000021a    00000002     (.common:min)
                  0000021c    00000002     (.common:month)
                  0000021e    00000002     (.common:sec)
                  00000220    00000002     (.common:year)

.data      0    00000222    00000003     UNINITIALIZED
                  00000222    00000003     main.obj (.data)

.stack     0    000003b0    00000050     UNINITIALIZED
                  000003b0    00000002     rts430_eabi.lib : boot.c.obj (.stack)
                  000003b2    0000004e     --HOLE--

.text      0    0000c000    00001b9a     
                  0000c000    00000478     rts430_eabi.lib : frcdivd.c.obj (.text:__TI_frcdivd)
                  0000c478    00000238                     : divd.c.obj (.text:__mspabi_divd)
                  0000c6b0    00000140     LCD.obj (.text:LCD_Put_Float)
                  0000c7f0    0000013e     main.obj (.text:Display_Heart_Beat)
                  0000c92e    00000132     rts430_eabi.lib : fs_add.asm.obj (.text)
                  0000ca60    0000011c     LCD.obj (.text:DS1307_LCD_Put_Time)
                  0000cb7c    000000e0     DS1307.obj (.text:DS1307_Get_Time)
                  0000cc5c    000000c4     rts430_eabi.lib : fs_mpy.asm.obj (.text)
                  0000cd20    000000ac     DS18B20.obj (.text:DS18B20_Get_Temp)
                  0000cdcc    000000ac     rts430_eabi.lib : fltlid.c.obj (.text:__mspabi_fltlid)
                  0000ce78    000000a4     LCD.obj (.text:LCD_Init)
                  0000cf1c    000000a2     main.obj (.text:Display_Change_Time)
                  0000cfbe    0000009c     LCD.obj (.text:LCD_Put_Decimal)
                  0000d05a    00000080     LCD.obj (.text:LCD_Put_Un_Decimal)
                  0000d0da    0000007e     Button.obj (.text:Button_Detect_Mode)
                  0000d158    0000007c     rts430_eabi.lib : copy_decompress_lzss.c.obj (.text:decompress:lzss:__TI_decompress_lzss)
                  0000d1d4    00000078     Capture.obj (.text:TA0IV_Interrupt)
                  0000d24c    00000074     rts430_eabi.lib : fixdul.c.obj (.text:__mspabi_fixdul)
                  0000d2c0    0000005e     DS18B20.obj (.text:DS18B20_Set_Resolution)
                  0000d31e    0000005c     rts430_eabi.lib : lsr32.asm.obj (.text:l_lsr_const)
                  0000d37a    00000058                     : div32u.asm.obj (.text)
                  0000d3d2    00000056     I2C.obj (.text:I2C_Read)
                  0000d428    00000050     OneWire.obj (.text:OneWire_Read_Byte)
                  0000d478    0000004e     OneWire.obj (.text:OneWire_Write_Byte)
                  0000d4c6    0000004c     rts430_eabi.lib : fs_toul.asm.obj (.text)
                  0000d512    0000004c                     : lsr16.asm.obj (.text)
                  0000d55e    0000004a                     : fs_cmp.asm.obj (.text)
                  0000d5a8    00000042                     : autoinit.c.obj (.text:__TI_auto_init_nobinit_nopinit:__TI_auto_init_nobinit_nopinit)
                  0000d5ea    00000040     LCD.obj (.text:LCD_Write_Command)
                  0000d62a    00000040     rts430_eabi.lib : div32s.asm.obj (.text)
                  0000d66a    0000003e                     : asr32.asm.obj (.text:l_asr_const)
                  0000d6a8    0000003e                     : lsl32.asm.obj (.text:l_lsl_const)
                  0000d6e6    0000003c     main.obj (.text:main)
                  0000d722    0000003a     main.obj (.text:Display_Temp)
                  0000d75c    0000003a     OneWire.obj (.text:OneWire_Reset)
                  0000d796    00000038     ADC10.obj (.text:ADC10_Get_Value)
                  0000d7ce    00000036     rts430_eabi.lib : fs_itof.asm.obj (.text)
                  0000d804    00000034     LCD.obj (.text:LCD_Cursor_Shift)
                  0000d838    00000032     ADC10.obj (.text:ADC10_Interrupt)
                  0000d86a    00000032     main.obj (.text:Display)
                  0000d89c    00000032     I2C.obj (.text:I2C_Init)
                  0000d8ce    00000032     rts430_eabi.lib : fs_ultof.asm.obj (.text)
                  0000d900    00000030     LCD.obj (.text:LCD_Read_Nibble)
                  0000d930    0000002c     rts430_eabi.lib : asr16.asm.obj (.text)
                  0000d95c    0000002c                     : lsl16.asm.obj (.text)
                  0000d988    00000026                     : mult32.asm.obj (.text)
                  0000d9ae    00000024     ADC10.obj (.text:ADC10_Init)
                  0000d9d2    00000024     Button.obj (.text:Button_Init)
                  0000d9f6    00000024     LCD.obj (.text:LCD_Wait)
                  0000da1a    00000024     rts430_eabi.lib : fs_utof.asm.obj (.text)
                  0000da3e    00000020     Capture.obj (.text:Capture_Init)
                  0000da5e    00000020     LCD.obj (.text:LCD_Goto)
                  0000da7e    0000001c     rts430_eabi.lib : boot.c.obj (.text:_c_int00_noargs)
                  0000da9a    00000014     LCD.obj (.text:LCD_Put_String)
                  0000daae    00000014     rts430_eabi.lib : copy_zero_init.c.obj (.text:decompress:ZI:__TI_zero_init_nomemset:__TI_zero_init_nomemset)
                  0000dac2    00000014                     : mult16.asm.obj (.text)
                  0000dad6    00000012                     : fixdu.c.obj (.text:__mspabi_fixdu)
                  0000dae8    00000012                     : copy_decompress_none.c.obj (.text:decompress:none:__TI_decompress_none)
                  0000dafa    00000012                     : lsr32.asm.obj (.text:l_lsr)
                  0000db0c    00000012                     : memcpy.c.obj (.text:memcpy)
                  0000db1e    00000010     LCD.obj (.text:LCD_Clear)
                  0000db2e    00000010     LCD.obj (.text:LCD_Home)
                  0000db3e    00000010     rts430_eabi.lib : epilog.asm.obj (.text)
                  0000db4e    0000000e     main.obj (.text:Display_Time)
                  0000db5c    0000000a     LCD.obj (.text:LCD_Put_Char)
                  0000db66    0000000a     OneWire.obj (.text:OneWire_Pin_High)
                  0000db70    0000000a     OneWire.obj (.text:OneWire_Pin_Low)
                  0000db7a    0000000a     rts430_eabi.lib : fs_neg.asm.obj (.text)
                  0000db84    00000008                     : isr_trap.asm.obj (.text:_isr:__TI_ISR_TRAP)
                  0000db8c    00000006                     : exit.c.obj (.text:abort)
                  0000db92    00000004                     : pre_init.c.obj (.text:_system_pre_init)
                  0000db96    00000002     UART.obj (.text:USCI0RX_ISR)
                  0000db98    00000002     rts430_eabi.lib : startup.c.obj (.text:_system_post_cinit)

.const     0    0000db9a    000000ac     
                  0000db9a    0000007c     main.obj (.const:.string)
                  0000dc16    00000030     LCD.obj (.const:.string)

.cinit     0    0000dc46    0000001a     
                  0000dc46    00000007     (.cinit..data.load) [load image]
                  0000dc4d    00000001     --HOLE-- [fill = 0]
                  0000dc4e    00000006     (__TI_handler_table)
                  0000dc54    00000004     (.cinit..bss.load) [load image, compression = zero_init]
                  0000dc58    00000008     (__TI_cinit_table)

.binit     0    0000c000    00000000     

.init_array 
*          0    0000c000    00000000     UNINITIALIZED

TRAPINT    0    0000ffe0    00000002     
                  0000ffe0    00000002     rts430_eabi.lib : int00.asm.obj (.int00)

PORT1      0    0000ffe4    00000002     
                  0000ffe4    00000002     rts430_eabi.lib : int02.asm.obj (.int02)

PORT2      0    0000ffe6    00000002     
                  0000ffe6    00000002     rts430_eabi.lib : int03.asm.obj (.int03)

ADC10      0    0000ffea    00000002     
                  0000ffea    00000002     ADC10.obj (.int05)

USCIAB0TX 
*          0    0000ffec    00000002     
                  0000ffec    00000002     rts430_eabi.lib : int06.asm.obj (.int06)

USCIAB0RX 
*          0    0000ffee    00000002     
                  0000ffee    00000002     UART.obj (.int07)

TIMER0_A1 
*          0    0000fff0    00000002     
                  0000fff0    00000002     Capture.obj (.int08)

TIMER0_A0 
*          0    0000fff2    00000002     
                  0000fff2    00000002     rts430_eabi.lib : int09.asm.obj (.int09)

WDT        0    0000fff4    00000002     
                  0000fff4    00000002     rts430_eabi.lib : int10.asm.obj (.int10)

COMPARATORA 
*          0    0000fff6    00000002     
                  0000fff6    00000002     rts430_eabi.lib : int11.asm.obj (.int11)

TIMER1_A1 
*          0    0000fff8    00000002     
                  0000fff8    00000002     rts430_eabi.lib : int12.asm.obj (.int12)

TIMER1_A0 
*          0    0000fffa    00000002     
                  0000fffa    00000002     rts430_eabi.lib : int13.asm.obj (.int13)

NMI        0    0000fffc    00000002     
                  0000fffc    00000002     rts430_eabi.lib : int14.asm.obj (.int14)

.reset     0    0000fffe    00000002     
                  0000fffe    00000002     rts430_eabi.lib : boot.c.obj (.reset)

$fill000   0    0000ffde    00000002     
                  0000ffde    00000002     --HOLE-- [fill = ffff]

MODULE SUMMARY

       Module                       code   ro data   rw data
       ------                       ----   -------   -------
    .\
       main.obj                     662    124       37     
    +--+----------------------------+------+---------+---------+
       Total:                       662    124       37     
                                                            
    .\ADC10\
       ADC10.obj                    142    2         0      
    +--+----------------------------+------+---------+---------+
       Total:                       142    2         0      
                                                            
    .\Button\
       Button.obj                   162    0         0      
    +--+----------------------------+------+---------+---------+
       Total:                       162    0         0      
                                                            
    .\Capture\
       Capture.obj                  152    2         0      
    +--+----------------------------+------+---------+---------+
       Total:                       152    2         0      
                                                            
    .\DS1307\
       DS1307.obj                   224    0         0      
    +--+----------------------------+------+---------+---------+
       Total:                       224    0         0      
                                                            
    .\DS18B20\
       DS18B20.obj                  266    0         0      
    +--+----------------------------+------+---------+---------+
       Total:                       266    0         0      
                                                            
    .\I2C\
       I2C.obj                      136    0         0      
    +--+----------------------------+------+---------+---------+
       Total:                       136    0         0      
                                                            
    .\LCD\
       LCD.obj                      1346   48        0      
    +--+----------------------------+------+---------+---------+
       Total:                       1346   48        0      
                                                            
    .\OneWire\
       OneWire.obj                  236    0         0      
    +--+----------------------------+------+---------+---------+
       Total:                       236    0         0      
                                                            
    .\UART\
       UART.obj                     2      2         0      
    +--+----------------------------+------+---------+---------+
       Total:                       2      2         0      
                                                            
    E:\ti\ccsv8\tools\compiler\ti-cgt-msp430_18.1.2.LTS\lib\rts430_eabi.lib
       frcdivd.c.obj                1144   0         0      
       divd.c.obj                   568    0         0      
       fs_add.asm.obj               306    0         0      
       fs_mpy.asm.obj               196    0         0      
       fltlid.c.obj                 172    0         0      
       copy_decompress_lzss.c.obj   124    0         0      
       fixdul.c.obj                 116    0         0      
       lsr32.asm.obj                110    0         0      
       div32u.asm.obj               88     0         0      
       fs_toul.asm.obj              76     0         0      
       lsr16.asm.obj                76     0         0      
       fs_cmp.asm.obj               74     0         0      
       autoinit.c.obj               66     0         0      
       div32s.asm.obj               64     0         0      
       asr32.asm.obj                62     0         0      
       lsl32.asm.obj                62     0         0      
       fs_itof.asm.obj              54     0         0      
       fs_ultof.asm.obj             50     0         0      
       asr16.asm.obj                44     0         0      
       lsl16.asm.obj                44     0         0      
       mult32.asm.obj               38     0         0      
       fs_utof.asm.obj              36     0         0      
       boot.c.obj                   28     2         0      
       copy_zero_init.c.obj         20     0         0      
       mult16.asm.obj               20     0         0      
       copy_decompress_none.c.obj   18     0         0      
       fixdu.c.obj                  18     0         0      
       memcpy.c.obj                 18     0         0      
       epilog.asm.obj               16     0         0      
       fs_neg.asm.obj               10     0         0      
       isr_trap.asm.obj             8      0         0      
       exit.c.obj                   6      0         0      
       pre_init.c.obj               4      0         0      
       int00.asm.obj                0      2         0      
       int02.asm.obj                0      2         0      
       int03.asm.obj                0      2         0      
       int06.asm.obj                0      2         0      
       int09.asm.obj                0      2         0      
       int10.asm.obj                0      2         0      
       int11.asm.obj                0      2         0      
       int12.asm.obj                0      2         0      
       int13.asm.obj                0      2         0      
       int14.asm.obj                0      2         0      
       startup.c.obj                2      0         0      
    +--+----------------------------+------+---------+---------+
       Total:                       3738   22        0      
                                                            
       Stack:                       0      0         80     
       Linker Generated:            0      25        0      
    +--+----------------------------+------+---------+---------+
       Grand Total:                 7066   225       117    


LINKER GENERATED COPY TABLES

__TI_cinit_table @ 0000dc58 records: 2, size/record: 4, table size: 8
	.data: load addr=0000dc46, load size=00000007 bytes, run addr=00000222, run size=00000003 bytes, compression=copy
	.bss: load addr=0000dc54, load size=00000004 bytes, run addr=00000200, run size=00000022 bytes, compression=zero_init


LINKER GENERATED HANDLER TABLE

__TI_handler_table @ 0000dc4e records: 3, size/record: 2, table size: 6
	index: 0, handler: __TI_zero_init
	index: 1, handler: __TI_decompress_lzss
	index: 2, handler: __TI_decompress_none


GLOBAL SYMBOLS: SORTED ALPHABETICALLY BY Name 

address   name                          
-------   ----                          
0000004a  ADC10AE0                      
000001b0  ADC10CTL0                     
000001b2  ADC10CTL1                     
00000048  ADC10DTC0                     
00000049  ADC10DTC1                     
000001b4  ADC10MEM                      
000001bc  ADC10SA                       
0000d796  ADC10_Get_Value               
0000d9ae  ADC10_Init                    
0000d838  ADC10_Interrupt               
0000020e  ADC_Result                    
00000057  BCSCTL1                       
00000058  BCSCTL2                       
00000053  BCSCTL3                       
0000d0da  Button_Detect_Mode            
0000d9d2  Button_Init                   
0000db8c  C$$EXIT                       
00000059  CACTL1                        
0000005a  CACTL2                        
000010fb  CALBC1_12MHZ                  
000010f9  CALBC1_16MHZ                  
000010ff  CALBC1_1MHZ                   
000010fd  CALBC1_8MHZ                   
000010fa  CALDCO_12MHZ                  
000010f8  CALDCO_16MHZ                  
000010fe  CALDCO_1MHZ                   
000010fc  CALDCO_8MHZ                   
0000005b  CAPD                          
0000da3e  Capture_Init                  
00000222  Count_Display                 
00000056  DCOCTL                        
0000cb7c  DS1307_Get_Time               
0000ca60  DS1307_LCD_Put_Time           
0000db66  DS18B20_DQ_High               
0000db70  DS18B20_DQ_Low                
0000cd20  DS18B20_Get_Temp              
0000d428  DS18B20_Read_Byte             
0000d75c  DS18B20_Reset                 
0000d2c0  DS18B20_Set_Resolution        
0000d478  DS18b20_Write_Byte            
0000d86a  Display                       
0000cf1c  Display_Change_Time           
0000c7f0  Display_Heart_Beat            
0000d722  Display_Temp                  
0000db4e  Display_Time                  
00000128  FCTL1                         
0000012a  FCTL2                         
0000012c  FCTL3                         
00000210  Heart_Beat                    
0000d89c  I2C_Init                      
0000d3d2  I2C_Read                      
00000000  IE1                           
00000001  IE2                           
00000002  IFG1                          
00000003  IFG2                          
0000db1e  LCD_Clear                     
0000d804  LCD_Cursor_Shift              
0000da5e  LCD_Goto                      
0000db2e  LCD_Home                      
0000ce78  LCD_Init                      
0000db5c  LCD_Put_Char                  
0000cfbe  LCD_Put_Decimal               
0000c6b0  LCD_Put_Float                 
0000da9a  LCD_Put_String                
0000d05a  LCD_Put_Un_Decimal            
0000d900  LCD_Read_Nibble               
0000d9f6  LCD_Wait                      
0000d5ea  LCD_Write_Command             
00000223  Mode                          
00000224  Mode_Calib_Time               
0000db66  OneWire_Pin_High              
0000db70  OneWire_Pin_Low               
0000d428  OneWire_Read_Byte             
0000d75c  OneWire_Reset                 
0000d478  OneWire_Write_Byte            
00000022  P1DIR                         
00000025  P1IE                          
00000024  P1IES                         
00000023  P1IFG                         
00000020  P1IN                          
00000021  P1OUT                         
00000027  P1REN                         
00000026  P1SEL                         
00000041  P1SEL2                        
0000002a  P2DIR                         
0000002d  P2IE                          
0000002c  P2IES                         
0000002b  P2IFG                         
00000028  P2IN                          
00000029  P2OUT                         
0000002f  P2REN                         
0000002e  P2SEL                         
00000042  P2SEL2                        
0000001a  P3DIR                         
00000018  P3IN                          
00000019  P3OUT                         
00000010  P3REN                         
0000001b  P3SEL                         
00000043  P3SEL2                        
00000200  Read_Buffer                   
00000172  TA0CCR0                       
00000174  TA0CCR1                       
00000176  TA0CCR2                       
00000162  TA0CCTL0                      
00000164  TA0CCTL1                      
00000166  TA0CCTL2                      
00000160  TA0CTL                        
0000012e  TA0IV                         
0000d1d4  TA0IV_Interrupt               
00000170  TA0R                          
00000192  TA1CCR0                       
00000194  TA1CCR1                       
00000196  TA1CCR2                       
00000182  TA1CCTL0                      
00000184  TA1CCTL1                      
00000186  TA1CCTL2                      
00000180  TA1CTL                        
0000011e  TA1IV                         
00000190  TA1R                          
000010db  TLV_ADC10_1_LEN               
000010da  TLV_ADC10_1_TAG               
000010c0  TLV_CHECKSUM                  
000010f7  TLV_DCO_30_LEN                
000010f6  TLV_DCO_30_TAG                
0000020a  Temperature                   
00000212  Timer_Over_Flow               
0000005d  UCA0ABCTL                     
00000062  UCA0BR0                       
00000063  UCA0BR1                       
00000060  UCA0CTL0                      
00000061  UCA0CTL1                      
0000005f  UCA0IRRCTL                    
0000005e  UCA0IRTCTL                    
00000064  UCA0MCTL                      
00000066  UCA0RXBUF                     
00000065  UCA0STAT                      
00000067  UCA0TXBUF                     
0000006a  UCB0BR0                       
0000006b  UCB0BR1                       
00000068  UCB0CTL0                      
00000069  UCB0CTL1                      
0000006c  UCB0I2CIE                     
00000118  UCB0I2COA                     
0000011a  UCB0I2CSA                     
0000006e  UCB0RXBUF                     
0000006d  UCB0STAT                      
0000006f  UCB0TXBUF                     
0000db96  USCI0RX_ISR                   
00000120  WDTCTL                        
00000400  __STACK_END                   
00000050  __STACK_SIZE                  
0000dc58  __TI_CINIT_Base               
0000dc60  __TI_CINIT_Limit              
0000dc4e  __TI_Handler_Table_Base       
0000dc54  __TI_Handler_Table_Limit      
0000db84  __TI_ISR_TRAP                 
0000d5a8  __TI_auto_init_nobinit_nopinit
0000d158  __TI_decompress_lzss          
0000dae8  __TI_decompress_none          
0000c000  __TI_frcdivd                  
0000ffe0  __TI_int00                    
0000ffe4  __TI_int02                    
0000ffe6  __TI_int03                    
0000ffea  __TI_int05                    
0000ffec  __TI_int06                    
0000ffee  __TI_int07                    
0000fff0  __TI_int08                    
0000fff2  __TI_int09                    
0000fff4  __TI_int10                    
0000fff6  __TI_int11                    
0000fff8  __TI_int12                    
0000fffa  __TI_int13                    
0000fffc  __TI_int14                    
ffffffff  __TI_pprof_out_hndl           
ffffffff  __TI_prof_data_size           
ffffffff  __TI_prof_data_start          
0000daae  __TI_zero_init_nomemset       
ffffffff  __c_args__                    
0000c934  __mspabi_addf                 
0000d55e  __mspabi_cmpf                 
0000c478  __mspabi_divd                 
0000d62a  __mspabi_divli                
0000d37a  __mspabi_divul                
0000dad6  __mspabi_fixdu                
0000d24c  __mspabi_fixdul               
0000d4c6  __mspabi_fixful               
0000d7ce  __mspabi_fltif                
0000cdcc  __mspabi_fltlid               
0000da1a  __mspabi_fltuf                
0000d8ce  __mspabi_fltulf               
0000db4a  __mspabi_func_epilog_1        
0000db48  __mspabi_func_epilog_2        
0000db46  __mspabi_func_epilog_3        
0000db44  __mspabi_func_epilog_4        
0000db42  __mspabi_func_epilog_5        
0000db40  __mspabi_func_epilog_6        
0000db3e  __mspabi_func_epilog_7        
0000cc5c  __mspabi_mpyf                 
0000dac2  __mspabi_mpyi                 
0000dac2  __mspabi_mpyi_sw              
0000d988  __mspabi_mpyl                 
0000d988  __mspabi_mpyl_sw              
0000db7a  __mspabi_negf                 
0000d62a  __mspabi_remli                
0000d37a  __mspabi_remul                
0000d95c  __mspabi_slli                 
0000d984  __mspabi_slli_1               
0000d972  __mspabi_slli_10              
0000d970  __mspabi_slli_11              
0000d96e  __mspabi_slli_12              
0000d96c  __mspabi_slli_13              
0000d96a  __mspabi_slli_14              
0000d968  __mspabi_slli_15              
0000d982  __mspabi_slli_2               
0000d980  __mspabi_slli_3               
0000d97e  __mspabi_slli_4               
0000d97c  __mspabi_slli_5               
0000d97a  __mspabi_slli_6               
0000d978  __mspabi_slli_7               
0000d976  __mspabi_slli_8               
0000d974  __mspabi_slli_9               
0000d6e0  __mspabi_slll_1               
0000d6bc  __mspabi_slll_10              
0000d6b8  __mspabi_slll_11              
0000d6b4  __mspabi_slll_12              
0000d6b0  __mspabi_slll_13              
0000d6ac  __mspabi_slll_14              
0000d6a8  __mspabi_slll_15              
0000d6dc  __mspabi_slll_2               
0000d6d8  __mspabi_slll_3               
0000d6d4  __mspabi_slll_4               
0000d6d0  __mspabi_slll_5               
0000d6cc  __mspabi_slll_6               
0000d6c8  __mspabi_slll_7               
0000d6c4  __mspabi_slll_8               
0000d6c0  __mspabi_slll_9               
0000d930  __mspabi_srai                 
0000d958  __mspabi_srai_1               
0000d946  __mspabi_srai_10              
0000d944  __mspabi_srai_11              
0000d942  __mspabi_srai_12              
0000d940  __mspabi_srai_13              
0000d93e  __mspabi_srai_14              
0000d93c  __mspabi_srai_15              
0000d956  __mspabi_srai_2               
0000d954  __mspabi_srai_3               
0000d952  __mspabi_srai_4               
0000d950  __mspabi_srai_5               
0000d94e  __mspabi_srai_6               
0000d94c  __mspabi_srai_7               
0000d94a  __mspabi_srai_8               
0000d948  __mspabi_srai_9               
0000d6a2  __mspabi_sral_1               
0000d67e  __mspabi_sral_10              
0000d67a  __mspabi_sral_11              
0000d676  __mspabi_sral_12              
0000d672  __mspabi_sral_13              
0000d66e  __mspabi_sral_14              
0000d66a  __mspabi_sral_15              
0000d69e  __mspabi_sral_2               
0000d69a  __mspabi_sral_3               
0000d696  __mspabi_sral_4               
0000d692  __mspabi_sral_5               
0000d68e  __mspabi_sral_6               
0000d68a  __mspabi_sral_7               
0000d686  __mspabi_sral_8               
0000d682  __mspabi_sral_9               
0000d512  __mspabi_srli                 
0000d558  __mspabi_srli_1               
0000d534  __mspabi_srli_10              
0000d530  __mspabi_srli_11              
0000d52c  __mspabi_srli_12              
0000d528  __mspabi_srli_13              
0000d524  __mspabi_srli_14              
0000d520  __mspabi_srli_15              
0000d554  __mspabi_srli_2               
0000d550  __mspabi_srli_3               
0000d54c  __mspabi_srli_4               
0000d548  __mspabi_srli_5               
0000d544  __mspabi_srli_6               
0000d540  __mspabi_srli_7               
0000d53c  __mspabi_srli_8               
0000d538  __mspabi_srli_9               
0000dafa  __mspabi_srll                 
0000d372  __mspabi_srll_1               
0000d33c  __mspabi_srll_10              
0000d336  __mspabi_srll_11              
0000d330  __mspabi_srll_12              
0000d32a  __mspabi_srll_13              
0000d324  __mspabi_srll_14              
0000d31e  __mspabi_srll_15              
0000d36c  __mspabi_srll_2               
0000d366  __mspabi_srll_3               
0000d360  __mspabi_srll_4               
0000d35a  __mspabi_srll_5               
0000d354  __mspabi_srll_6               
0000d34e  __mspabi_srll_7               
0000d348  __mspabi_srll_8               
0000d342  __mspabi_srll_9               
0000c92e  __mspabi_subf                 
0000da7e  _c_int00_noargs               
0000fffe  _reset_vector                 
000003b0  _stack                        
0000db98  _system_post_cinit            
0000db92  _system_pre_init              
0000db8c  abort                         
00000214  date                          
00000216  day                           
00000218  hour                          
0000d6e6  main                          
0000db0c  memcpy                        
0000021a  min                           
0000021c  month                         
0000021e  sec                           
00000220  year                          


GLOBAL SYMBOLS: SORTED BY Symbol Address 

address   name                          
-------   ----                          
00000000  IE1                           
00000001  IE2                           
00000002  IFG1                          
00000003  IFG2                          
00000010  P3REN                         
00000018  P3IN                          
00000019  P3OUT                         
0000001a  P3DIR                         
0000001b  P3SEL                         
00000020  P1IN                          
00000021  P1OUT                         
00000022  P1DIR                         
00000023  P1IFG                         
00000024  P1IES                         
00000025  P1IE                          
00000026  P1SEL                         
00000027  P1REN                         
00000028  P2IN                          
00000029  P2OUT                         
0000002a  P2DIR                         
0000002b  P2IFG                         
0000002c  P2IES                         
0000002d  P2IE                          
0000002e  P2SEL                         
0000002f  P2REN                         
00000041  P1SEL2                        
00000042  P2SEL2                        
00000043  P3SEL2                        
00000048  ADC10DTC0                     
00000049  ADC10DTC1                     
0000004a  ADC10AE0                      
00000050  __STACK_SIZE                  
00000053  BCSCTL3                       
00000056  DCOCTL                        
00000057  BCSCTL1                       
00000058  BCSCTL2                       
00000059  CACTL1                        
0000005a  CACTL2                        
0000005b  CAPD                          
0000005d  UCA0ABCTL                     
0000005e  UCA0IRTCTL                    
0000005f  UCA0IRRCTL                    
00000060  UCA0CTL0                      
00000061  UCA0CTL1                      
00000062  UCA0BR0                       
00000063  UCA0BR1                       
00000064  UCA0MCTL                      
00000065  UCA0STAT                      
00000066  UCA0RXBUF                     
00000067  UCA0TXBUF                     
00000068  UCB0CTL0                      
00000069  UCB0CTL1                      
0000006a  UCB0BR0                       
0000006b  UCB0BR1                       
0000006c  UCB0I2CIE                     
0000006d  UCB0STAT                      
0000006e  UCB0RXBUF                     
0000006f  UCB0TXBUF                     
00000118  UCB0I2COA                     
0000011a  UCB0I2CSA                     
0000011e  TA1IV                         
00000120  WDTCTL                        
00000128  FCTL1                         
0000012a  FCTL2                         
0000012c  FCTL3                         
0000012e  TA0IV                         
00000160  TA0CTL                        
00000162  TA0CCTL0                      
00000164  TA0CCTL1                      
00000166  TA0CCTL2                      
00000170  TA0R                          
00000172  TA0CCR0                       
00000174  TA0CCR1                       
00000176  TA0CCR2                       
00000180  TA1CTL                        
00000182  TA1CCTL0                      
00000184  TA1CCTL1                      
00000186  TA1CCTL2                      
00000190  TA1R                          
00000192  TA1CCR0                       
00000194  TA1CCR1                       
00000196  TA1CCR2                       
000001b0  ADC10CTL0                     
000001b2  ADC10CTL1                     
000001b4  ADC10MEM                      
000001bc  ADC10SA                       
00000200  Read_Buffer                   
0000020a  Temperature                   
0000020e  ADC_Result                    
00000210  Heart_Beat                    
00000212  Timer_Over_Flow               
00000214  date                          
00000216  day                           
00000218  hour                          
0000021a  min                           
0000021c  month                         
0000021e  sec                           
00000220  year                          
00000222  Count_Display                 
00000223  Mode                          
00000224  Mode_Calib_Time               
000003b0  _stack                        
00000400  __STACK_END                   
000010c0  TLV_CHECKSUM                  
000010da  TLV_ADC10_1_TAG               
000010db  TLV_ADC10_1_LEN               
000010f6  TLV_DCO_30_TAG                
000010f7  TLV_DCO_30_LEN                
000010f8  CALDCO_16MHZ                  
000010f9  CALBC1_16MHZ                  
000010fa  CALDCO_12MHZ                  
000010fb  CALBC1_12MHZ                  
000010fc  CALDCO_8MHZ                   
000010fd  CALBC1_8MHZ                   
000010fe  CALDCO_1MHZ                   
000010ff  CALBC1_1MHZ                   
0000c000  __TI_frcdivd                  
0000c478  __mspabi_divd                 
0000c6b0  LCD_Put_Float                 
0000c7f0  Display_Heart_Beat            
0000c92e  __mspabi_subf                 
0000c934  __mspabi_addf                 
0000ca60  DS1307_LCD_Put_Time           
0000cb7c  DS1307_Get_Time               
0000cc5c  __mspabi_mpyf                 
0000cd20  DS18B20_Get_Temp              
0000cdcc  __mspabi_fltlid               
0000ce78  LCD_Init                      
0000cf1c  Display_Change_Time           
0000cfbe  LCD_Put_Decimal               
0000d05a  LCD_Put_Un_Decimal            
0000d0da  Button_Detect_Mode            
0000d158  __TI_decompress_lzss          
0000d1d4  TA0IV_Interrupt               
0000d24c  __mspabi_fixdul               
0000d2c0  DS18B20_Set_Resolution        
0000d31e  __mspabi_srll_15              
0000d324  __mspabi_srll_14              
0000d32a  __mspabi_srll_13              
0000d330  __mspabi_srll_12              
0000d336  __mspabi_srll_11              
0000d33c  __mspabi_srll_10              
0000d342  __mspabi_srll_9               
0000d348  __mspabi_srll_8               
0000d34e  __mspabi_srll_7               
0000d354  __mspabi_srll_6               
0000d35a  __mspabi_srll_5               
0000d360  __mspabi_srll_4               
0000d366  __mspabi_srll_3               
0000d36c  __mspabi_srll_2               
0000d372  __mspabi_srll_1               
0000d37a  __mspabi_divul                
0000d37a  __mspabi_remul                
0000d3d2  I2C_Read                      
0000d428  DS18B20_Read_Byte             
0000d428  OneWire_Read_Byte             
0000d478  DS18b20_Write_Byte            
0000d478  OneWire_Write_Byte            
0000d4c6  __mspabi_fixful               
0000d512  __mspabi_srli                 
0000d520  __mspabi_srli_15              
0000d524  __mspabi_srli_14              
0000d528  __mspabi_srli_13              
0000d52c  __mspabi_srli_12              
0000d530  __mspabi_srli_11              
0000d534  __mspabi_srli_10              
0000d538  __mspabi_srli_9               
0000d53c  __mspabi_srli_8               
0000d540  __mspabi_srli_7               
0000d544  __mspabi_srli_6               
0000d548  __mspabi_srli_5               
0000d54c  __mspabi_srli_4               
0000d550  __mspabi_srli_3               
0000d554  __mspabi_srli_2               
0000d558  __mspabi_srli_1               
0000d55e  __mspabi_cmpf                 
0000d5a8  __TI_auto_init_nobinit_nopinit
0000d5ea  LCD_Write_Command             
0000d62a  __mspabi_divli                
0000d62a  __mspabi_remli                
0000d66a  __mspabi_sral_15              
0000d66e  __mspabi_sral_14              
0000d672  __mspabi_sral_13              
0000d676  __mspabi_sral_12              
0000d67a  __mspabi_sral_11              
0000d67e  __mspabi_sral_10              
0000d682  __mspabi_sral_9               
0000d686  __mspabi_sral_8               
0000d68a  __mspabi_sral_7               
0000d68e  __mspabi_sral_6               
0000d692  __mspabi_sral_5               
0000d696  __mspabi_sral_4               
0000d69a  __mspabi_sral_3               
0000d69e  __mspabi_sral_2               
0000d6a2  __mspabi_sral_1               
0000d6a8  __mspabi_slll_15              
0000d6ac  __mspabi_slll_14              
0000d6b0  __mspabi_slll_13              
0000d6b4  __mspabi_slll_12              
0000d6b8  __mspabi_slll_11              
0000d6bc  __mspabi_slll_10              
0000d6c0  __mspabi_slll_9               
0000d6c4  __mspabi_slll_8               
0000d6c8  __mspabi_slll_7               
0000d6cc  __mspabi_slll_6               
0000d6d0  __mspabi_slll_5               
0000d6d4  __mspabi_slll_4               
0000d6d8  __mspabi_slll_3               
0000d6dc  __mspabi_slll_2               
0000d6e0  __mspabi_slll_1               
0000d6e6  main                          
0000d722  Display_Temp                  
0000d75c  DS18B20_Reset                 
0000d75c  OneWire_Reset                 
0000d796  ADC10_Get_Value               
0000d7ce  __mspabi_fltif                
0000d804  LCD_Cursor_Shift              
0000d838  ADC10_Interrupt               
0000d86a  Display                       
0000d89c  I2C_Init                      
0000d8ce  __mspabi_fltulf               
0000d900  LCD_Read_Nibble               
0000d930  __mspabi_srai                 
0000d93c  __mspabi_srai_15              
0000d93e  __mspabi_srai_14              
0000d940  __mspabi_srai_13              
0000d942  __mspabi_srai_12              
0000d944  __mspabi_srai_11              
0000d946  __mspabi_srai_10              
0000d948  __mspabi_srai_9               
0000d94a  __mspabi_srai_8               
0000d94c  __mspabi_srai_7               
0000d94e  __mspabi_srai_6               
0000d950  __mspabi_srai_5               
0000d952  __mspabi_srai_4               
0000d954  __mspabi_srai_3               
0000d956  __mspabi_srai_2               
0000d958  __mspabi_srai_1               
0000d95c  __mspabi_slli                 
0000d968  __mspabi_slli_15              
0000d96a  __mspabi_slli_14              
0000d96c  __mspabi_slli_13              
0000d96e  __mspabi_slli_12              
0000d970  __mspabi_slli_11              
0000d972  __mspabi_slli_10              
0000d974  __mspabi_slli_9               
0000d976  __mspabi_slli_8               
0000d978  __mspabi_slli_7               
0000d97a  __mspabi_slli_6               
0000d97c  __mspabi_slli_5               
0000d97e  __mspabi_slli_4               
0000d980  __mspabi_slli_3               
0000d982  __mspabi_slli_2               
0000d984  __mspabi_slli_1               
0000d988  __mspabi_mpyl                 
0000d988  __mspabi_mpyl_sw              
0000d9ae  ADC10_Init                    
0000d9d2  Button_Init                   
0000d9f6  LCD_Wait                      
0000da1a  __mspabi_fltuf                
0000da3e  Capture_Init                  
0000da5e  LCD_Goto                      
0000da7e  _c_int00_noargs               
0000da9a  LCD_Put_String                
0000daae  __TI_zero_init_nomemset       
0000dac2  __mspabi_mpyi                 
0000dac2  __mspabi_mpyi_sw              
0000dad6  __mspabi_fixdu                
0000dae8  __TI_decompress_none          
0000dafa  __mspabi_srll                 
0000db0c  memcpy                        
0000db1e  LCD_Clear                     
0000db2e  LCD_Home                      
0000db3e  __mspabi_func_epilog_7        
0000db40  __mspabi_func_epilog_6        
0000db42  __mspabi_func_epilog_5        
0000db44  __mspabi_func_epilog_4        
0000db46  __mspabi_func_epilog_3        
0000db48  __mspabi_func_epilog_2        
0000db4a  __mspabi_func_epilog_1        
0000db4e  Display_Time                  
0000db5c  LCD_Put_Char                  
0000db66  DS18B20_DQ_High               
0000db66  OneWire_Pin_High              
0000db70  DS18B20_DQ_Low                
0000db70  OneWire_Pin_Low               
0000db7a  __mspabi_negf                 
0000db84  __TI_ISR_TRAP                 
0000db8c  C$$EXIT                       
0000db8c  abort                         
0000db92  _system_pre_init              
0000db96  USCI0RX_ISR                   
0000db98  _system_post_cinit            
0000dc4e  __TI_Handler_Table_Base       
0000dc54  __TI_Handler_Table_Limit      
0000dc58  __TI_CINIT_Base               
0000dc60  __TI_CINIT_Limit              
0000ffe0  __TI_int00                    
0000ffe4  __TI_int02                    
0000ffe6  __TI_int03                    
0000ffea  __TI_int05                    
0000ffec  __TI_int06                    
0000ffee  __TI_int07                    
0000fff0  __TI_int08                    
0000fff2  __TI_int09                    
0000fff4  __TI_int10                    
0000fff6  __TI_int11                    
0000fff8  __TI_int12                    
0000fffa  __TI_int13                    
0000fffc  __TI_int14                    
0000fffe  _reset_vector                 
ffffffff  __TI_pprof_out_hndl           
ffffffff  __TI_prof_data_size           
ffffffff  __TI_prof_data_start          
ffffffff  __c_args__                    

[315 symbols]
